Archive member included to satisfy reference by file (symbol)

C:/ST/STM32CubeIDE_1.16.1/STM32CubeIDE/plugins/com.st.stm32cube.ide.mcu.externaltools.gnu-tools-for-stm32.12.3.rel1.win32_1.0.200.202406191623/tools/bin/../lib/gcc/arm-none-eabi/12.3.1/../../../../arm-none-eabi/lib/thumb/v7-m/nofp\libc_nano.a(libc_a-exit.o)
                              C:/ST/STM32CubeIDE_1.16.1/STM32CubeIDE/plugins/com.st.stm32cube.ide.mcu.externaltools.gnu-tools-for-stm32.12.3.rel1.win32_1.0.200.202406191623/tools/bin/../lib/gcc/arm-none-eabi/12.3.1/../../../../arm-none-eabi/lib/thumb/v7-m/nofp/crt0.o (exit)
C:/ST/STM32CubeIDE_1.16.1/STM32CubeIDE/plugins/com.st.stm32cube.ide.mcu.externaltools.gnu-tools-for-stm32.12.3.rel1.win32_1.0.200.202406191623/tools/bin/../lib/gcc/arm-none-eabi/12.3.1/../../../../arm-none-eabi/lib/thumb/v7-m/nofp\libc_nano.a(libc_a-findfp.o)
                              ./Middlewares/Third_Party/FreeRTOS/Source/tasks.o (__sf)
C:/ST/STM32CubeIDE_1.16.1/STM32CubeIDE/plugins/com.st.stm32cube.ide.mcu.externaltools.gnu-tools-for-stm32.12.3.rel1.win32_1.0.200.202406191623/tools/bin/../lib/gcc/arm-none-eabi/12.3.1/../../../../arm-none-eabi/lib/thumb/v7-m/nofp\libc_nano.a(libc_a-fwalk.o)
                              C:/ST/STM32CubeIDE_1.16.1/STM32CubeIDE/plugins/com.st.stm32cube.ide.mcu.externaltools.gnu-tools-for-stm32.12.3.rel1.win32_1.0.200.202406191623/tools/bin/../lib/gcc/arm-none-eabi/12.3.1/../../../../arm-none-eabi/lib/thumb/v7-m/nofp\libc_nano.a(libc_a-findfp.o) (_fwalk_sglue)
C:/ST/STM32CubeIDE_1.16.1/STM32CubeIDE/plugins/com.st.stm32cube.ide.mcu.externaltools.gnu-tools-for-stm32.12.3.rel1.win32_1.0.200.202406191623/tools/bin/../lib/gcc/arm-none-eabi/12.3.1/../../../../arm-none-eabi/lib/thumb/v7-m/nofp\libc_nano.a(libc_a-stdio.o)
                              C:/ST/STM32CubeIDE_1.16.1/STM32CubeIDE/plugins/com.st.stm32cube.ide.mcu.externaltools.gnu-tools-for-stm32.12.3.rel1.win32_1.0.200.202406191623/tools/bin/../lib/gcc/arm-none-eabi/12.3.1/../../../../arm-none-eabi/lib/thumb/v7-m/nofp\libc_nano.a(libc_a-findfp.o) (__sread)
C:/ST/STM32CubeIDE_1.16.1/STM32CubeIDE/plugins/com.st.stm32cube.ide.mcu.externaltools.gnu-tools-for-stm32.12.3.rel1.win32_1.0.200.202406191623/tools/bin/../lib/gcc/arm-none-eabi/12.3.1/../../../../arm-none-eabi/lib/thumb/v7-m/nofp\libc_nano.a(libc_a-memset.o)
                              C:/ST/STM32CubeIDE_1.16.1/STM32CubeIDE/plugins/com.st.stm32cube.ide.mcu.externaltools.gnu-tools-for-stm32.12.3.rel1.win32_1.0.200.202406191623/tools/bin/../lib/gcc/arm-none-eabi/12.3.1/../../../../arm-none-eabi/lib/thumb/v7-m/nofp/crt0.o (memset)
C:/ST/STM32CubeIDE_1.16.1/STM32CubeIDE/plugins/com.st.stm32cube.ide.mcu.externaltools.gnu-tools-for-stm32.12.3.rel1.win32_1.0.200.202406191623/tools/bin/../lib/gcc/arm-none-eabi/12.3.1/../../../../arm-none-eabi/lib/thumb/v7-m/nofp\libc_nano.a(libc_a-closer.o)
                              C:/ST/STM32CubeIDE_1.16.1/STM32CubeIDE/plugins/com.st.stm32cube.ide.mcu.externaltools.gnu-tools-for-stm32.12.3.rel1.win32_1.0.200.202406191623/tools/bin/../lib/gcc/arm-none-eabi/12.3.1/../../../../arm-none-eabi/lib/thumb/v7-m/nofp\libc_nano.a(libc_a-stdio.o) (_close_r)
C:/ST/STM32CubeIDE_1.16.1/STM32CubeIDE/plugins/com.st.stm32cube.ide.mcu.externaltools.gnu-tools-for-stm32.12.3.rel1.win32_1.0.200.202406191623/tools/bin/../lib/gcc/arm-none-eabi/12.3.1/../../../../arm-none-eabi/lib/thumb/v7-m/nofp\libc_nano.a(libc_a-reent.o)
                              ./Middlewares/Third_Party/FreeRTOS/Source/tasks.o (_reclaim_reent)
C:/ST/STM32CubeIDE_1.16.1/STM32CubeIDE/plugins/com.st.stm32cube.ide.mcu.externaltools.gnu-tools-for-stm32.12.3.rel1.win32_1.0.200.202406191623/tools/bin/../lib/gcc/arm-none-eabi/12.3.1/../../../../arm-none-eabi/lib/thumb/v7-m/nofp\libc_nano.a(libc_a-impure.o)
                              ./Middlewares/Third_Party/FreeRTOS/Source/tasks.o (_impure_ptr)
C:/ST/STM32CubeIDE_1.16.1/STM32CubeIDE/plugins/com.st.stm32cube.ide.mcu.externaltools.gnu-tools-for-stm32.12.3.rel1.win32_1.0.200.202406191623/tools/bin/../lib/gcc/arm-none-eabi/12.3.1/../../../../arm-none-eabi/lib/thumb/v7-m/nofp\libc_nano.a(libc_a-lseekr.o)
                              C:/ST/STM32CubeIDE_1.16.1/STM32CubeIDE/plugins/com.st.stm32cube.ide.mcu.externaltools.gnu-tools-for-stm32.12.3.rel1.win32_1.0.200.202406191623/tools/bin/../lib/gcc/arm-none-eabi/12.3.1/../../../../arm-none-eabi/lib/thumb/v7-m/nofp\libc_nano.a(libc_a-stdio.o) (_lseek_r)
C:/ST/STM32CubeIDE_1.16.1/STM32CubeIDE/plugins/com.st.stm32cube.ide.mcu.externaltools.gnu-tools-for-stm32.12.3.rel1.win32_1.0.200.202406191623/tools/bin/../lib/gcc/arm-none-eabi/12.3.1/../../../../arm-none-eabi/lib/thumb/v7-m/nofp\libc_nano.a(libc_a-readr.o)
                              C:/ST/STM32CubeIDE_1.16.1/STM32CubeIDE/plugins/com.st.stm32cube.ide.mcu.externaltools.gnu-tools-for-stm32.12.3.rel1.win32_1.0.200.202406191623/tools/bin/../lib/gcc/arm-none-eabi/12.3.1/../../../../arm-none-eabi/lib/thumb/v7-m/nofp\libc_nano.a(libc_a-stdio.o) (_read_r)
[...]
Memory Configuration

Name             Origin             Length             Attributes
RAM              0x20000000         0x00005000         xrw
FLASH            0x08000000         0x00010000         xr
*default*        0x00000000         0xffffffff

Linker script and memory map

LOAD C:/ST/STM32CubeIDE_1.16.1/STM32CubeIDE/plugins/com.st.stm32cube.ide.mcu.externaltools.gnu-tools-for-stm32.12.3.rel1.win32_1.0.200.202406191623/tools/bin/../lib/gcc/arm-none-eabi/12.3.1/thumb/v7-m/nofp/crti.o
LOAD C:/ST/STM32CubeIDE_1.16.1/STM32CubeIDE/plugins/com.st.stm32cube.ide.mcu.externaltools.gnu-tools-for-stm32.12.3.rel1.win32_1.0.200.202406191623/tools/bin/../lib/gcc/arm-none-eabi/12.3.1/thumb/v7-m/nofp/crtbegin.o
LOAD C:/ST/STM32CubeIDE_1.16.1/STM32CubeIDE/plugins/com.st.stm32cube.ide.mcu.externaltools.gnu-tools-for-stm32.12.3.rel1.win32_1.0.200.202406191623/tools/bin/../lib/gcc/arm-none-eabi/12.3.1/../../../../arm-none-eabi/lib/thumb/v7-m/nofp/crt0.o
LOAD ./Core/Src/can.o
LOAD ./Core/Src/fnd_controller.o
LOAD ./Core/Src/fonts.o
LOAD ./Core/Src/freertos.o
LOAD ./Core/Src/gpio.o
LOAD ./Core/Src/i2c.o
LOAD ./Core/Src/main.o
LOAD ./Core/Src/ssd1306.o
LOAD ./Core/Src/stm32f1xx_hal_msp.o
LOAD ./Core/Src/stm32f1xx_hal_timebase_tim.o
LOAD ./Core/Src/stm32f1xx_it.o
LOAD ./Core/Src/syscalls.o
LOAD ./Core/Src/sysmem.o
LOAD ./Core/Src/system_stm32f1xx.o
LOAD ./Core/Src/test.o
LOAD ./Core/Startup/startup_stm32f103c8tx.o
LOAD ./Drivers/STM32F1xx_HAL_Driver/Src/stm32f1xx_hal.o
LOAD ./Drivers/STM32F1xx_HAL_Driver/Src/stm32f1xx_hal_can.o
LOAD ./Drivers/STM32F1xx_HAL_Driver/Src/stm32f1xx_hal_cortex.o
LOAD ./Drivers/STM32F1xx_HAL_Driver/Src/stm32f1xx_hal_dma.o
LOAD ./Drivers/STM32F1xx_HAL_Driver/Src/stm32f1xx_hal_exti.o
LOAD ./Drivers/STM32F1xx_HAL_Driver/Src/stm32f1xx_hal_flash.o
LOAD ./Drivers/STM32F1xx_HAL_Driver/Src/stm32f1xx_hal_flash_ex.o
LOAD ./Drivers/STM32F1xx_HAL_Driver/Src/stm32f1xx_hal_gpio.o
LOAD ./Drivers/STM32F1xx_HAL_Driver/Src/stm32f1xx_hal_gpio_ex.o
LOAD ./Drivers/STM32F1xx_HAL_Driver/Src/stm32f1xx_hal_i2c.o
LOAD ./Drivers/STM32F1xx_HAL_Driver/Src/stm32f1xx_hal_pwr.o
LOAD ./Drivers/STM32F1xx_HAL_Driver/Src/stm32f1xx_hal_rcc.o
LOAD ./Drivers/STM32F1xx_HAL_Driver/Src/stm32f1xx_hal_rcc_ex.o
LOAD ./Drivers/STM32F1xx_HAL_Driver/Src/stm32f1xx_hal_tim.o
LOAD ./Drivers/STM32F1xx_HAL_Driver/Src/stm32f1xx_hal_tim_ex.o
LOAD ./Middlewares/Third_Party/FreeRTOS/Source/CMSIS_RTOS/cmsis_os.o
LOAD ./Middlewares/Third_Party/FreeRTOS/Source/croutine.o
LOAD ./Middlewares/Third_Party/FreeRTOS/Source/event_groups.o
LOAD ./Middlewares/Third_Party/FreeRTOS/Source/list.o
LOAD ./Middlewares/Third_Party/FreeRTOS/Source/queue.o
LOAD ./Middlewares/Third_Party/FreeRTOS/Source/stream_buffer.o
LOAD ./Middlewares/Third_Party/FreeRTOS/Source/tasks.o
LOAD ./Middlewares/Third_Party/FreeRTOS/Source/timers.o
LOAD ./Middlewares/Third_Party/FreeRTOS/Source/portable/GCC/ARM_CM3/port.o
LOAD ./Middlewares/Third_Party/FreeRTOS/Source/portable/MemMang/heap_4.o
START GROUP
LOAD C:/ST/STM32CubeIDE_1.16.1/STM32CubeIDE/plugins/com.st.stm32cube.ide.mcu.externaltools.gnu-tools-for-stm32.12.3.rel1.win32_1.0.200.202406191623/tools/bin/../lib/gcc/arm-none-eabi/12.3.1/../../../../arm-none-eabi/lib/thumb/v7-m/nofp\libc_nano.a
LOAD C:/ST/STM32CubeIDE_1.16.1/STM32CubeIDE/plugins/com.st.stm32cube.ide.mcu.externaltools.gnu-tools-for-stm32.12.3.rel1.win32_1.0.200.202406191623/tools/bin/../lib/gcc/arm-none-eabi/12.3.1/../../../../arm-none-eabi/lib/thumb/v7-m/nofp\libm.a
END GROUP
START GROUP
LOAD C:/ST/STM32CubeIDE_1.16.1/STM32CubeIDE/plugins/com.st.stm32cube.ide.mcu.externaltools.gnu-tools-for-stm32.12.3.rel1.win32_1.0.200.202406191623/tools/bin/../lib/gcc/arm-none-eabi/12.3.1/thumb/v7-m/nofp\libgcc.a
LOAD C:/ST/STM32CubeIDE_1.16.1/STM32CubeIDE/plugins/com.st.stm32cube.ide.mcu.externaltools.gnu-tools-for-stm32.12.3.rel1.win32_1.0.200.202406191623/tools/bin/../lib/gcc/arm-none-eabi/12.3.1/../../../../arm-none-eabi/lib/thumb/v7-m/nofp\libc_nano.a
END GROUP
START GROUP
LOAD C:/ST/STM32CubeIDE_1.16.1/STM32CubeIDE/plugins/com.st.stm32cube.ide.mcu.externaltools.gnu-tools-for-stm32.12.3.rel1.win32_1.0.200.202406191623/tools/bin/../lib/gcc/arm-none-eabi/12.3.1/thumb/v7-m/nofp\libgcc.a
LOAD C:/ST/STM32CubeIDE_1.16.1/STM32CubeIDE/plugins/com.st.stm32cube.ide.mcu.externaltools.gnu-tools-for-stm32.12.3.rel1.win32_1.0.200.202406191623/tools/bin/../lib/gcc/arm-none-eabi/12.3.1/../../../../arm-none-eabi/lib/thumb/v7-m/nofp\libc_nano.a
LOAD C:/ST/STM32CubeIDE_1.16.1/STM32CubeIDE/plugins/com.st.stm32cube.ide.mcu.externaltools.gnu-tools-for-stm32.12.3.rel1.win32_1.0.200.202406191623/tools/bin/../lib/gcc/arm-none-eabi/12.3.1/../../../../arm-none-eabi/lib/thumb/v7-m/nofp\libnosys.a
END GROUP
START GROUP
LOAD C:/ST/STM32CubeIDE_1.16.1/STM32CubeIDE/plugins/com.st.stm32cube.ide.mcu.externaltools.gnu-tools-for-stm32.12.3.rel1.win32_1.0.200.202406191623/tools/bin/../lib/gcc/arm-none-eabi/12.3.1/thumb/v7-m/nofp\libgcc.a
LOAD C:/ST/STM32CubeIDE_1.16.1/STM32CubeIDE/plugins/com.st.stm32cube.ide.mcu.externaltools.gnu-tools-for-stm32.12.3.rel1.win32_1.0.200.202406191623/tools/bin/../lib/gcc/arm-none-eabi/12.3.1/../../../../arm-none-eabi/lib/thumb/v7-m/nofp\libc_nano.a
LOAD C:/ST/STM32CubeIDE_1.16.1/STM32CubeIDE/plugins/com.st.stm32cube.ide.mcu.externaltools.gnu-tools-for-stm32.12.3.rel1.win32_1.0.200.202406191623/tools/bin/../lib/gcc/arm-none-eabi/12.3.1/../../../../arm-none-eabi/lib/thumb/v7-m/nofp\libnosys.a
END GROUP
LOAD C:/ST/STM32CubeIDE_1.16.1/STM32CubeIDE/plugins/com.st.stm32cube.ide.mcu.externaltools.gnu-tools-for-stm32.12.3.rel1.win32_1.0.200.202406191623/tools/bin/../lib/gcc/arm-none-eabi/12.3.1/thumb/v7-m/nofp/crtend.o
LOAD C:/ST/STM32CubeIDE_1.16.1/STM32CubeIDE/plugins/com.st.stm32cube.ide.mcu.externaltools.gnu-tools-for-stm32.12.3.rel1.win32_1.0.200.202406191623/tools/bin/../lib/gcc/arm-none-eabi/12.3.1/thumb/v7-m/nofp/crtn.o
                0x20005000                        _estack = (ORIGIN (RAM) + LENGTH (RAM))
                0x00000200                        _Min_Heap_Size = 0x200
                0x00000400                        _Min_Stack_Size = 0x400

.isr_vector     0x08000000      0x10c
                0x08000000                        . = ALIGN (0x4)
 *(.isr_vector)
 .isr_vector    0x08000000      0x10c ./Core/Startup/startup_stm32f103c8tx.o
                0x08000000                g_pfnVectors
                0x0800010c                        . = ALIGN (0x4)

.text           0x08000110     0x5360
                0x08000110                        . = ALIGN (0x4)
 *(.text)
 .text          0x08000110       0x40 C:/ST/STM32CubeIDE_1.16.1/STM32CubeIDE/plugins/com.st.stm32cube.ide.mcu.externaltools.gnu-tools-for-stm32.12.3.rel1.win32_1.0.200.202406191623/tools/bin/../lib/gcc/arm-none-eabi/12.3.1/thumb/v7-m/nofp/crtbegin.o
 *(.text*)
 .text.MX_CAN_Init
                0x08000150       0x6c ./Core/Src/can.o
                0x08000150                MX_CAN_Init
 .text.HAL_CAN_MspInit
                0x080001bc       0xa8 ./Core/Src/can.o
                0x080001bc                HAL_CAN_MspInit
 .text.FND_INIT
                0x08000264       0xc0 ./Core/Src/fnd_controller.o
                0x08000264                FND_INIT
 .text.send     0x08000324       0x6c ./Core/Src/fnd_controller.o
                0x08000324                send
 .text.send_port
                0x08000390       0x44 ./Core/Src/fnd_controller.o
                0x08000390                send_port
 .text.vApplicationGetIdleTaskMemory
                0x080003d4       0x30 ./Core/Src/freertos.o
                0x080003d4                vApplicationGetIdleTaskMemory
 .text.MX_FREERTOS_Init
                0x08000404       0x68 ./Core/Src/freertos.o
                0x08000404                MX_FREERTOS_Init
 .text.StartDefaultTask
                0x0800046c      0x320 ./Core/Src/freertos.o
                0x0800046c                StartDefaultTask
 .text.StartTask02
                0x0800078c       0x88 ./Core/Src/freertos.o
                0x0800078c                StartTask02
 .text.HAL_CAN_RxFifo0MsgPendingCallback
                0x08000814       0x34 ./Core/Src/freertos.o
                0x08000814                HAL_CAN_RxFifo0MsgPendingCallback
 .text.MX_GPIO_Init
                0x08000848       0xdc ./Core/Src/gpio.o
                0x08000848                MX_GPIO_Init
 .text.MX_I2C2_Init
                0x08000924       0x5c ./Core/Src/i2c.o
                0x08000924                MX_I2C2_Init
 .text.HAL_I2C_MspInit
                0x08000980       0x80 ./Core/Src/i2c.o
                0x08000980                HAL_I2C_MspInit
 .text.main     0x08000a00       0x70 ./Core/Src/main.o
                0x08000a00                main
 .text.SystemClock_Config
                0x08000a70       0x8a ./Core/Src/main.o
                0x08000a70                SystemClock_Config
 *fill*         0x08000afa        0x2 
 .text.HAL_TIM_PeriodElapsedCallback
                0x08000afc       0x24 ./Core/Src/main.o
                0x08000afc                HAL_TIM_PeriodElapsedCallback
 .text.Error_Handler
                0x08000b20        0xc ./Core/Src/main.o
                0x08000b20                Error_Handler
 .text.SSD1306_InvertDisplay
                0x08000b2c       0x2c ./Core/Src/ssd1306.o
                0x08000b2c                SSD1306_InvertDisplay
 .text.SSD1306_DrawBitmap
                0x08000b58       0xd0 ./Core/Src/ssd1306.o
                0x08000b58                SSD1306_DrawBitmap
 .text.SSD1306_Init
                0x08000c28      0x188 ./Core/Src/ssd1306.o
                0x08000c28                SSD1306_Init
 .text.SSD1306_UpdateScreen
                0x08000db0       0x5c ./Core/Src/ssd1306.o
                0x08000db0                SSD1306_UpdateScreen
 .text.SSD1306_Fill
                0x08000e0c       0x30 ./Core/Src/ssd1306.o
                0x08000e0c                SSD1306_Fill
 .text.SSD1306_DrawPixel
                0x08000e3c       0xbc ./Core/Src/ssd1306.o
                0x08000e3c                SSD1306_DrawPixel
 .text.SSD1306_GotoXY
                0x08000ef8       0x2c ./Core/Src/ssd1306.o
                0x08000ef8                SSD1306_GotoXY
 .text.SSD1306_Putc
                0x08000f24       0xfc ./Core/Src/ssd1306.o
                0x08000f24                SSD1306_Putc
 .text.SSD1306_Puts
                0x08001020       0x4a ./Core/Src/ssd1306.o
                0x08001020                SSD1306_Puts
 .text.SSD1306_Clear
                0x0800106a       0x12 ./Core/Src/ssd1306.o
                0x0800106a                SSD1306_Clear
 .text.ssd1306_I2C_Init
                0x0800107c       0x28 ./Core/Src/ssd1306.o
                0x0800107c                ssd1306_I2C_Init
 .text.ssd1306_I2C_WriteMulti
                0x080010a4       0xcc ./Core/Src/ssd1306.o
                0x080010a4                ssd1306_I2C_WriteMulti
 .text.ssd1306_I2C_Write
                0x08001170       0x3c ./Core/Src/ssd1306.o
                0x08001170                ssd1306_I2C_Write
 .text.HAL_MspInit
                0x080011ac       0x70 ./Core/Src/stm32f1xx_hal_msp.o
                0x080011ac                HAL_MspInit
 .text.HAL_InitTick
                0x0800121c       0xfc ./Core/Src/stm32f1xx_hal_timebase_tim.o
                0x0800121c                HAL_InitTick
 .text.NMI_Handler
                0x08001318        0x8 ./Core/Src/stm32f1xx_it.o
                0x08001318                NMI_Handler
 .text.HardFault_Handler
                0x08001320        0x8 ./Core/Src/stm32f1xx_it.o
                0x08001320                HardFault_Handler
 .text.MemManage_Handler
                0x08001328        0x8 ./Core/Src/stm32f1xx_it.o
                0x08001328                MemManage_Handler
 .text.BusFault_Handler
                0x08001330        0x8 ./Core/Src/stm32f1xx_it.o
                0x08001330                BusFault_Handler
 .text.UsageFault_Handler
                0x08001338        0x8 ./Core/Src/stm32f1xx_it.o
                0x08001338                UsageFault_Handler
 .text.DebugMon_Handler
                0x08001340        0xc ./Core/Src/stm32f1xx_it.o
                0x08001340                DebugMon_Handler
 .text.USB_LP_CAN1_RX0_IRQHandler
                0x0800134c       0x14 ./Core/Src/stm32f1xx_it.o
                0x0800134c                USB_LP_CAN1_RX0_IRQHandler
 .text.TIM4_IRQHandler
                0x08001360       0x14 ./Core/Src/stm32f1xx_it.o
                0x08001360                TIM4_IRQHandler
 .text.SystemInit
                0x08001374        0xc ./Core/Src/system_stm32f1xx.o
                0x08001374                SystemInit
 .text.Reset_Handler
                0x08001380       0x48 ./Core/Startup/startup_stm32f103c8tx.o
                0x08001380                Reset_Handler
 .text.Default_Handler
                0x080013c8        0x2 ./Core/Startup/startup_stm32f103c8tx.o
                0x080013c8                RTC_Alarm_IRQHandler
                0x080013c8                EXTI2_IRQHandler
                0x080013c8                TIM1_CC_IRQHandler
                0x080013c8                PVD_IRQHandler
                0x080013c8                EXTI3_IRQHandler
                0x080013c8                EXTI0_IRQHandler
                0x080013c8                I2C2_EV_IRQHandler
                0x080013c8                ADC1_2_IRQHandler
                0x080013c8                SPI1_IRQHandler
                0x080013c8                TAMPER_IRQHandler
                0x080013c8                DMA1_Channel4_IRQHandler
                0x080013c8                USART3_IRQHandler
                0x080013c8                RTC_IRQHandler
                0x080013c8                DMA1_Channel7_IRQHandler
                0x080013c8                CAN1_RX1_IRQHandler
                0x080013c8                I2C1_EV_IRQHandler
                0x080013c8                DMA1_Channel6_IRQHandler
                0x080013c8                TIM3_IRQHandler
                0x080013c8                RCC_IRQHandler
                0x080013c8                TIM1_TRG_COM_IRQHandler
                0x080013c8                DMA1_Channel1_IRQHandler
                0x080013c8                Default_Handler
                0x080013c8                EXTI15_10_IRQHandler
                0x080013c8                EXTI9_5_IRQHandler
                0x080013c8                SPI2_IRQHandler
                0x080013c8                DMA1_Channel5_IRQHandler
                0x080013c8                EXTI4_IRQHandler
                0x080013c8                USB_HP_CAN1_TX_IRQHandler
                0x080013c8                DMA1_Channel3_IRQHandler
                0x080013c8                TIM1_UP_IRQHandler
                0x080013c8                WWDG_IRQHandler
                0x080013c8                TIM2_IRQHandler
                0x080013c8                TIM1_BRK_IRQHandler
                0x080013c8                EXTI1_IRQHandler
                0x080013c8                USART2_IRQHandler
                0x080013c8                I2C2_ER_IRQHandler
                0x080013c8                DMA1_Channel2_IRQHandler
                0x080013c8                CAN1_SCE_IRQHandler
                0x080013c8                FLASH_IRQHandler
                0x080013c8                USART1_IRQHandler
                0x080013c8                I2C1_ER_IRQHandler
                0x080013c8                USBWakeUp_IRQHandler
 *fill*         0x080013ca        0x2 
 .text.HAL_Init
                0x080013cc       0x2c ./Drivers/STM32F1xx_HAL_Driver/Src/stm32f1xx_hal.o
                0x080013cc                HAL_Init
 .text.HAL_IncTick
                0x080013f8       0x24 ./Drivers/STM32F1xx_HAL_Driver/Src/stm32f1xx_hal.o
                0x080013f8                HAL_IncTick
 .text.HAL_GetTick
                0x0800141c       0x14 ./Drivers/STM32F1xx_HAL_Driver/Src/stm32f1xx_hal.o
                0x0800141c                HAL_GetTick
 .text.HAL_Delay
                0x08001430       0x48 ./Drivers/STM32F1xx_HAL_Driver/Src/stm32f1xx_hal.o
                0x08001430                HAL_Delay
 .text.HAL_CAN_Init
                0x08001478      0x1f6 ./Drivers/STM32F1xx_HAL_Driver/Src/stm32f1xx_hal_can.o
                0x08001478                HAL_CAN_Init
 .text.HAL_CAN_ConfigFilter
                0x0800166e      0x192 ./Drivers/STM32F1xx_HAL_Driver/Src/stm32f1xx_hal_can.o
                0x0800166e                HAL_CAN_ConfigFilter
 .text.HAL_CAN_Start
                0x08001800       0x88 ./Drivers/STM32F1xx_HAL_Driver/Src/stm32f1xx_hal_can.o
                0x08001800                HAL_CAN_Start
 .text.HAL_CAN_AddTxMessage
                0x08001888      0x19e ./Drivers/STM32F1xx_HAL_Driver/Src/stm32f1xx_hal_can.o
                0x08001888                HAL_CAN_AddTxMessage
 .text.HAL_CAN_GetRxMessage
                0x08001a26      0x242 ./Drivers/STM32F1xx_HAL_Driver/Src/stm32f1xx_hal_can.o
                0x08001a26                HAL_CAN_GetRxMessage
 .text.HAL_CAN_ActivateNotification
                0x08001c68       0x4a ./Drivers/STM32F1xx_HAL_Driver/Src/stm32f1xx_hal_can.o
                0x08001c68                HAL_CAN_ActivateNotification
 .text.HAL_CAN_IRQHandler
                0x08001cb2      0x36e ./Drivers/STM32F1xx_HAL_Driver/Src/stm32f1xx_hal_can.o
                0x08001cb2                HAL_CAN_IRQHandler
 .text.HAL_CAN_TxMailbox0CompleteCallback
                0x08002020       0x12 ./Drivers/STM32F1xx_HAL_Driver/Src/stm32f1xx_hal_can.o
                0x08002020                HAL_CAN_TxMailbox0CompleteCallback
 .text.HAL_CAN_TxMailbox1CompleteCallback
                0x08002032       0x12 ./Drivers/STM32F1xx_HAL_Driver/Src/stm32f1xx_hal_can.o
                0x08002032                HAL_CAN_TxMailbox1CompleteCallback
 .text.HAL_CAN_TxMailbox2CompleteCallback
                0x08002044       0x12 ./Drivers/STM32F1xx_HAL_Driver/Src/stm32f1xx_hal_can.o
                0x08002044                HAL_CAN_TxMailbox2CompleteCallback
 .text.HAL_CAN_TxMailbox0AbortCallback
                0x08002056       0x12 ./Drivers/STM32F1xx_HAL_Driver/Src/stm32f1xx_hal_can.o
                0x08002056                HAL_CAN_TxMailbox0AbortCallback
 .text.HAL_CAN_TxMailbox1AbortCallback
                0x08002068       0x12 ./Drivers/STM32F1xx_HAL_Driver/Src/stm32f1xx_hal_can.o
                0x08002068                HAL_CAN_TxMailbox1AbortCallback
 .text.HAL_CAN_TxMailbox2AbortCallback
                0x0800207a       0x12 ./Drivers/STM32F1xx_HAL_Driver/Src/stm32f1xx_hal_can.o
                0x0800207a                HAL_CAN_TxMailbox2AbortCallback
 .text.HAL_CAN_RxFifo0FullCallback
                0x0800208c       0x12 ./Drivers/STM32F1xx_HAL_Driver/Src/stm32f1xx_hal_can.o
                0x0800208c                HAL_CAN_RxFifo0FullCallback
 .text.HAL_CAN_RxFifo1MsgPendingCallback
                0x0800209e       0x12 ./Drivers/STM32F1xx_HAL_Driver/Src/stm32f1xx_hal_can.o
                0x0800209e                HAL_CAN_RxFifo1MsgPendingCallback
 .text.HAL_CAN_RxFifo1FullCallback
                0x080020b0       0x12 ./Drivers/STM32F1xx_HAL_Driver/Src/stm32f1xx_hal_can.o
                0x080020b0                HAL_CAN_RxFifo1FullCallback
 .text.HAL_CAN_SleepCallback
                0x080020c2       0x12 ./Drivers/STM32F1xx_HAL_Driver/Src/stm32f1xx_hal_can.o
                0x080020c2                HAL_CAN_SleepCallback
 .text.HAL_CAN_WakeUpFromRxMsgCallback
                0x080020d4       0x12 ./Drivers/STM32F1xx_HAL_Driver/Src/stm32f1xx_hal_can.o
                0x080020d4                HAL_CAN_WakeUpFromRxMsgCallback
 .text.HAL_CAN_ErrorCallback
                0x080020e6       0x12 ./Drivers/STM32F1xx_HAL_Driver/Src/stm32f1xx_hal_can.o
                0x080020e6                HAL_CAN_ErrorCallback
 .text.__NVIC_SetPriorityGrouping
                0x080020f8       0x48 ./Drivers/STM32F1xx_HAL_Driver/Src/stm32f1xx_hal_cortex.o
 .text.__NVIC_GetPriorityGrouping
                0x08002140       0x1c ./Drivers/STM32F1xx_HAL_Driver/Src/stm32f1xx_hal_cortex.o
 .text.__NVIC_EnableIRQ
                0x0800215c       0x38 ./Drivers/STM32F1xx_HAL_Driver/Src/stm32f1xx_hal_cortex.o
 .text.__NVIC_SetPriority
                0x08002194       0x54 ./Drivers/STM32F1xx_HAL_Driver/Src/stm32f1xx_hal_cortex.o
 .text.NVIC_EncodePriority
                0x080021e8       0x64 ./Drivers/STM32F1xx_HAL_Driver/Src/stm32f1xx_hal_cortex.o
 .text.HAL_NVIC_SetPriorityGrouping
                0x0800224c       0x16 ./Drivers/STM32F1xx_HAL_Driver/Src/stm32f1xx_hal_cortex.o
                0x0800224c                HAL_NVIC_SetPriorityGrouping
 .text.HAL_NVIC_SetPriority
                0x08002262       0x38 ./Drivers/STM32F1xx_HAL_Driver/Src/stm32f1xx_hal_cortex.o
                0x08002262                HAL_NVIC_SetPriority
 .text.HAL_NVIC_EnableIRQ
                0x0800229a       0x1c ./Drivers/STM32F1xx_HAL_Driver/Src/stm32f1xx_hal_cortex.o
                0x0800229a                HAL_NVIC_EnableIRQ
 *fill*         0x080022b6        0x2 
 .text.HAL_GPIO_Init
                0x080022b8      0x308 ./Drivers/STM32F1xx_HAL_Driver/Src/stm32f1xx_hal_gpio.o
                0x080022b8                HAL_GPIO_Init
 .text.HAL_GPIO_WritePin
                0x080025c0       0x30 ./Drivers/STM32F1xx_HAL_Driver/Src/stm32f1xx_hal_gpio.o
                0x080025c0                HAL_GPIO_WritePin
 .text.HAL_I2C_Init
                0x080025f0      0x288 ./Drivers/STM32F1xx_HAL_Driver/Src/stm32f1xx_hal_i2c.o
                0x080025f0                HAL_I2C_Init
 .text.HAL_I2C_Master_Transmit
                0x08002878      0x1fc ./Drivers/STM32F1xx_HAL_Driver/Src/stm32f1xx_hal_i2c.o
                0x08002878                HAL_I2C_Master_Transmit
 .text.HAL_I2C_IsDeviceReady
                0x08002a74      0x25c ./Drivers/STM32F1xx_HAL_Driver/Src/stm32f1xx_hal_i2c.o
                0x08002a74                HAL_I2C_IsDeviceReady
 .text.I2C_MasterRequestWrite
                0x08002cd0      0x104 ./Drivers/STM32F1xx_HAL_Driver/Src/stm32f1xx_hal_i2c.o
 .text.I2C_WaitOnFlagUntilTimeout
                0x08002dd4       0xf4 ./Drivers/STM32F1xx_HAL_Driver/Src/stm32f1xx_hal_i2c.o
 .text.I2C_WaitOnMasterAddressFlagUntilTimeout
                0x08002ec8      0x140 ./Drivers/STM32F1xx_HAL_Driver/Src/stm32f1xx_hal_i2c.o
 .text.I2C_WaitOnTXEFlagUntilTimeout
                0x08003008       0x90 ./Drivers/STM32F1xx_HAL_Driver/Src/stm32f1xx_hal_i2c.o
 .text.I2C_WaitOnBTFFlagUntilTimeout
                0x08003098       0x90 ./Drivers/STM32F1xx_HAL_Driver/Src/stm32f1xx_hal_i2c.o
 .text.I2C_IsAcknowledgeFailed
                0x08003128       0x5c ./Drivers/STM32F1xx_HAL_Driver/Src/stm32f1xx_hal_i2c.o
 .text.HAL_RCC_OscConfig
                0x08003184      0x504 ./Drivers/STM32F1xx_HAL_Driver/Src/stm32f1xx_hal_rcc.o
                0x08003184                HAL_RCC_OscConfig
 .text.HAL_RCC_ClockConfig
                0x08003688      0x1d4 ./Drivers/STM32F1xx_HAL_Driver/Src/stm32f1xx_hal_rcc.o
                0x08003688                HAL_RCC_ClockConfig
 .text.HAL_RCC_GetSysClockFreq
                0x0800385c       0xa8 ./Drivers/STM32F1xx_HAL_Driver/Src/stm32f1xx_hal_rcc.o
                0x0800385c                HAL_RCC_GetSysClockFreq
 .text.HAL_RCC_GetHCLKFreq
                0x08003904       0x14 ./Drivers/STM32F1xx_HAL_Driver/Src/stm32f1xx_hal_rcc.o
                0x08003904                HAL_RCC_GetHCLKFreq
 .text.HAL_RCC_GetPCLK1Freq
                0x08003918       0x28 ./Drivers/STM32F1xx_HAL_Driver/Src/stm32f1xx_hal_rcc.o
                0x08003918                HAL_RCC_GetPCLK1Freq
 .text.HAL_RCC_GetClockConfig
                0x08003940       0x60 ./Drivers/STM32F1xx_HAL_Driver/Src/stm32f1xx_hal_rcc.o
                0x08003940                HAL_RCC_GetClockConfig
 .text.RCC_Delay
                0x080039a0       0x3c ./Drivers/STM32F1xx_HAL_Driver/Src/stm32f1xx_hal_rcc.o
 .text.HAL_TIM_Base_Init
                0x080039dc       0x9e ./Drivers/STM32F1xx_HAL_Driver/Src/stm32f1xx_hal_tim.o
                0x080039dc                HAL_TIM_Base_Init
 .text.HAL_TIM_Base_MspInit
                0x08003a7a       0x12 ./Drivers/STM32F1xx_HAL_Driver/Src/stm32f1xx_hal_tim.o
                0x08003a7a                HAL_TIM_Base_MspInit
 .text.HAL_TIM_Base_Start_IT
                0x08003a8c       0xa4 ./Drivers/STM32F1xx_HAL_Driver/Src/stm32f1xx_hal_tim.o
                0x08003a8c                HAL_TIM_Base_Start_IT
 .text.HAL_TIM_IRQHandler
                0x08003b30      0x1e0 ./Drivers/STM32F1xx_HAL_Driver/Src/stm32f1xx_hal_tim.o
                0x08003b30                HAL_TIM_IRQHandler
 .text.HAL_TIM_OC_DelayElapsedCallback
                0x08003d10       0x12 ./Drivers/STM32F1xx_HAL_Driver/Src/stm32f1xx_hal_tim.o
                0x08003d10                HAL_TIM_OC_DelayElapsedCallback
 .text.HAL_TIM_IC_CaptureCallback
                0x08003d22       0x12 ./Drivers/STM32F1xx_HAL_Driver/Src/stm32f1xx_hal_tim.o
                0x08003d22                HAL_TIM_IC_CaptureCallback
 .text.HAL_TIM_PWM_PulseFinishedCallback
                0x08003d34       0x12 ./Drivers/STM32F1xx_HAL_Driver/Src/stm32f1xx_hal_tim.o
                0x08003d34                HAL_TIM_PWM_PulseFinishedCallback
 .text.HAL_TIM_TriggerCallback
                0x08003d46       0x12 ./Drivers/STM32F1xx_HAL_Driver/Src/stm32f1xx_hal_tim.o
                0x08003d46                HAL_TIM_TriggerCallback
 .text.TIM_Base_SetConfig
                0x08003d58       0xdc ./Drivers/STM32F1xx_HAL_Driver/Src/stm32f1xx_hal_tim.o
                0x08003d58                TIM_Base_SetConfig
 .text.HAL_TIMEx_CommutCallback
                0x08003e34       0x12 ./Drivers/STM32F1xx_HAL_Driver/Src/stm32f1xx_hal_tim_ex.o
                0x08003e34                HAL_TIMEx_CommutCallback
 .text.HAL_TIMEx_BreakCallback
                0x08003e46       0x12 ./Drivers/STM32F1xx_HAL_Driver/Src/stm32f1xx_hal_tim_ex.o
                0x08003e46                HAL_TIMEx_BreakCallback
 .text.makeFreeRtosPriority
                0x08003e58       0x2e ./Middlewares/Third_Party/FreeRTOS/Source/CMSIS_RTOS/cmsis_os.o
 .text.osKernelStart
                0x08003e86        0xe ./Middlewares/Third_Party/FreeRTOS/Source/CMSIS_RTOS/cmsis_os.o
                0x08003e86                osKernelStart
 .text.osThreadCreate
                0x08003e94       0x98 ./Middlewares/Third_Party/FreeRTOS/Source/CMSIS_RTOS/cmsis_os.o
                0x08003e94                osThreadCreate
 .text.osDelay  0x08003f2c       0x28 ./Middlewares/Third_Party/FreeRTOS/Source/CMSIS_RTOS/cmsis_os.o
                0x08003f2c                osDelay
 .text.vListInitialise
                0x08003f54       0x3e ./Middlewares/Third_Party/FreeRTOS/Source/list.o
                0x08003f54                vListInitialise
 .text.vListInitialiseItem
                0x08003f92       0x18 ./Middlewares/Third_Party/FreeRTOS/Source/list.o
                0x08003f92                vListInitialiseItem
 .text.vListInsertEnd
                0x08003faa       0x46 ./Middlewares/Third_Party/FreeRTOS/Source/list.o
                0x08003faa                vListInsertEnd
 .text.vListInsert
                0x08003ff0       0x70 ./Middlewares/Third_Party/FreeRTOS/Source/list.o
                0x08003ff0                vListInsert
 .text.uxListRemove
                0x08004060       0x52 ./Middlewares/Third_Party/FreeRTOS/Source/list.o
                0x08004060                uxListRemove
 .text.xTaskCreateStatic
                0x080040b2       0xc0 ./Middlewares/Third_Party/FreeRTOS/Source/tasks.o
                0x080040b2                xTaskCreateStatic
 .text.xTaskCreate
                0x08004172       0x8a ./Middlewares/Third_Party/FreeRTOS/Source/tasks.o
                0x08004172                xTaskCreate
 .text.prvInitialiseNewTask
                0x080041fc      0x140 ./Middlewares/Third_Party/FreeRTOS/Source/tasks.o
 .text.prvAddNewTaskToReadyList
                0x0800433c       0xd4 ./Middlewares/Third_Party/FreeRTOS/Source/tasks.o
 .text.vTaskDelay
                0x08004410       0x6c ./Middlewares/Third_Party/FreeRTOS/Source/tasks.o
                0x08004410                vTaskDelay
 .text.vTaskStartScheduler
                0x0800447c       0xd4 ./Middlewares/Third_Party/FreeRTOS/Source/tasks.o
                0x0800447c                vTaskStartScheduler
 .text.vTaskSuspendAll
                0x08004550       0x1c ./Middlewares/Third_Party/FreeRTOS/Source/tasks.o
                0x08004550                vTaskSuspendAll
 .text.xTaskResumeAll
                0x0800456c      0x13c ./Middlewares/Third_Party/FreeRTOS/Source/tasks.o
                0x0800456c                xTaskResumeAll
 .text.xTaskIncrementTick
                0x080046a8      0x174 ./Middlewares/Third_Party/FreeRTOS/Source/tasks.o
                0x080046a8                xTaskIncrementTick
 .text.vTaskSwitchContext
                0x0800481c       0xc4 ./Middlewares/Third_Party/FreeRTOS/Source/tasks.o
                0x0800481c                vTaskSwitchContext
 .text.prvIdleTask
                0x080048e0       0x30 ./Middlewares/Third_Party/FreeRTOS/Source/tasks.o
 .text.prvInitialiseTaskLists
                0x08004910       0x80 ./Middlewares/Third_Party/FreeRTOS/Source/tasks.o
 .text.prvCheckTasksWaitingTermination
                0x08004990       0x5c ./Middlewares/Third_Party/FreeRTOS/Source/tasks.o
 .text.prvDeleteTCB
                0x080049ec       0x6a ./Middlewares/Third_Party/FreeRTOS/Source/tasks.o
 *fill*         0x08004a56        0x2 
 .text.prvResetNextTaskUnblockTime
                0x08004a58       0x40 ./Middlewares/Third_Party/FreeRTOS/Source/tasks.o
 .text.prvAddCurrentTaskToDelayedList
                0x08004a98       0xcc ./Middlewares/Third_Party/FreeRTOS/Source/tasks.o
 .text.pxPortInitialiseStack
                0x08004b64       0x58 ./Middlewares/Third_Party/FreeRTOS/Source/portable/GCC/ARM_CM3/port.o
                0x08004b64                pxPortInitialiseStack
 .text.prvTaskExitError
                0x08004bbc       0x58 ./Middlewares/Third_Party/FreeRTOS/Source/portable/GCC/ARM_CM3/port.o
 *fill*         0x08004c14        0xc 
 .text.SVC_Handler
                0x08004c20       0x28 ./Middlewares/Third_Party/FreeRTOS/Source/portable/GCC/ARM_CM3/port.o
                0x08004c20                SVC_Handler
 .text.prvPortStartFirstTask
                0x08004c48       0x20 ./Middlewares/Third_Party/FreeRTOS/Source/portable/GCC/ARM_CM3/port.o
 .text.xPortStartScheduler
                0x08004c68       0xe4 ./Middlewares/Third_Party/FreeRTOS/Source/portable/GCC/ARM_CM3/port.o
                0x08004c68                xPortStartScheduler
 .text.vPortEnterCritical
                0x08004d4c       0x60 ./Middlewares/Third_Party/FreeRTOS/Source/portable/GCC/ARM_CM3/port.o
                0x08004d4c                vPortEnterCritical
 .text.vPortExitCritical
                0x08004dac       0x54 ./Middlewares/Third_Party/FreeRTOS/Source/portable/GCC/ARM_CM3/port.o
                0x08004dac                vPortExitCritical
 .text.PendSV_Handler
                0x08004e00       0x48 ./Middlewares/Third_Party/FreeRTOS/Source/portable/GCC/ARM_CM3/port.o
                0x08004e00                PendSV_Handler
 .text.SysTick_Handler
                0x08004e48       0x44 ./Middlewares/Third_Party/FreeRTOS/Source/portable/GCC/ARM_CM3/port.o
                0x08004e48                SysTick_Handler
 .text.vPortSetupTimerInterrupt
                0x08004e8c       0x44 ./Middlewares/Third_Party/FreeRTOS/Source/portable/GCC/ARM_CM3/port.o
                0x08004e8c                vPortSetupTimerInterrupt
 .text.pvPortMalloc
                0x08004ed0      0x19c ./Middlewares/Third_Party/FreeRTOS/Source/portable/MemMang/heap_4.o
                0x08004ed0                pvPortMalloc
 .text.vPortFree
                0x0800506c       0xc8 ./Middlewares/Third_Party/FreeRTOS/Source/portable/MemMang/heap_4.o
                0x0800506c                vPortFree
 .text.prvHeapInit
                0x08005134       0xc4 ./Middlewares/Third_Party/FreeRTOS/Source/portable/MemMang/heap_4.o
 .text.prvInsertBlockIntoFreeList
                0x080051f8       0xb0 ./Middlewares/Third_Party/FreeRTOS/Source/portable/MemMang/heap_4.o
 .text.memset   0x080052a8       0x10 C:/ST/STM32CubeIDE_1.16.1/STM32CubeIDE/plugins/com.st.stm32cube.ide.mcu.externaltools.gnu-tools-for-stm32.12.3.rel1.win32_1.0.200.202406191623/tools/bin/../lib/gcc/arm-none-eabi/12.3.1/../../../../arm-none-eabi/lib/thumb/v7-m/nofp\libc_nano.a(libc_a-memset.o)
                0x080052a8                memset
 .text._reclaim_reent
                0x080052b8       0xac C:/ST/STM32CubeIDE_1.16.1/STM32CubeIDE/plugins/com.st.stm32cube.ide.mcu.externaltools.gnu-tools-for-stm32.12.3.rel1.win32_1.0.200.202406191623/tools/bin/../lib/gcc/arm-none-eabi/12.3.1/../../../../arm-none-eabi/lib/thumb/v7-m/nofp\libc_nano.a(libc_a-reent.o)
                0x080052b8                _reclaim_reent
 .text.__libc_init_array
                0x08005364       0x48 C:/ST/STM32CubeIDE_1.16.1/STM32CubeIDE/plugins/com.st.stm32cube.ide.mcu.externaltools.gnu-tools-for-stm32.12.3.rel1.win32_1.0.200.202406191623/tools/bin/../lib/gcc/arm-none-eabi/12.3.1/../../../../arm-none-eabi/lib/thumb/v7-m/nofp\libc_nano.a(libc_a-init.o)
                0x08005364                __libc_init_array
 .text.__retarget_lock_acquire_recursive
                0x080053ac        0x2 C:/ST/STM32CubeIDE_1.16.1/STM32CubeIDE/plugins/com.st.stm32cube.ide.mcu.externaltools.gnu-tools-for-stm32.12.3.rel1.win32_1.0.200.202406191623/tools/bin/../lib/gcc/arm-none-eabi/12.3.1/../../../../arm-none-eabi/lib/thumb/v7-m/nofp\libc_nano.a(libc_a-lock.o)
                0x080053ac                __retarget_lock_acquire_recursive
 .text.__retarget_lock_release_recursive
                0x080053ae        0x2 C:/ST/STM32CubeIDE_1.16.1/STM32CubeIDE/plugins/com.st.stm32cube.ide.mcu.externaltools.gnu-tools-for-stm32.12.3.rel1.win32_1.0.200.202406191623/tools/bin/../lib/gcc/arm-none-eabi/12.3.1/../../../../arm-none-eabi/lib/thumb/v7-m/nofp\libc_nano.a(libc_a-lock.o)
                0x080053ae                __retarget_lock_release_recursive
 .text._free_r  0x080053b0       0x90 C:/ST/STM32CubeIDE_1.16.1/STM32CubeIDE/plugins/com.st.stm32cube.ide.mcu.externaltools.gnu-tools-for-stm32.12.3.rel1.win32_1.0.200.202406191623/tools/bin/../lib/gcc/arm-none-eabi/12.3.1/../../../../arm-none-eabi/lib/thumb/v7-m/nofp\libc_nano.a(libc_a-freer.o)
                0x080053b0                _free_r
 .text.__malloc_lock
                0x08005440        0xc C:/ST/STM32CubeIDE_1.16.1/STM32CubeIDE/plugins/com.st.stm32cube.ide.mcu.externaltools.gnu-tools-for-stm32.12.3.rel1.win32_1.0.200.202406191623/tools/bin/../lib/gcc/arm-none-eabi/12.3.1/../../../../arm-none-eabi/lib/thumb/v7-m/nofp\libc_nano.a(libc_a-mlock.o)
                0x08005440                __malloc_lock
 .text.__malloc_unlock
                0x0800544c        0xc C:/ST/STM32CubeIDE_1.16.1/STM32CubeIDE/plugins/com.st.stm32cube.ide.mcu.externaltools.gnu-tools-for-stm32.12.3.rel1.win32_1.0.200.202406191623/tools/bin/../lib/gcc/arm-none-eabi/12.3.1/../../../../arm-none-eabi/lib/thumb/v7-m/nofp\libc_nano.a(libc_a-mlock.o)
                0x0800544c                __malloc_unlock
 *(.glue_7)
 .glue_7        0x08005458        0x0 linker stubs
 *(.glue_7t)
 .glue_7t       0x08005458        0x0 linker stubs
 *(.eh_frame)
 .eh_frame      0x08005458        0x0 C:/ST/STM32CubeIDE_1.16.1/STM32CubeIDE/plugins/com.st.stm32cube.ide.mcu.externaltools.gnu-tools-for-stm32.12.3.rel1.win32_1.0.200.202406191623/tools/bin/../lib/gcc/arm-none-eabi/12.3.1/thumb/v7-m/nofp/crtbegin.o
 *(.init)
 .init          0x08005458        0x4 C:/ST/STM32CubeIDE_1.16.1/STM32CubeIDE/plugins/com.st.stm32cube.ide.mcu.externaltools.gnu-tools-for-stm32.12.3.rel1.win32_1.0.200.202406191623/tools/bin/../lib/gcc/arm-none-eabi/12.3.1/thumb/v7-m/nofp/crti.o
                0x08005458                _init
 .init          0x0800545c        0x8 C:/ST/STM32CubeIDE_1.16.1/STM32CubeIDE/plugins/com.st.stm32cube.ide.mcu.externaltools.gnu-tools-for-stm32.12.3.rel1.win32_1.0.200.202406191623/tools/bin/../lib/gcc/arm-none-eabi/12.3.1/thumb/v7-m/nofp/crtn.o
 *(.fini)
 .fini          0x08005464        0x4 C:/ST/STM32CubeIDE_1.16.1/STM32CubeIDE/plugins/com.st.stm32cube.ide.mcu.externaltools.gnu-tools-for-stm32.12.3.rel1.win32_1.0.200.202406191623/tools/bin/../lib/gcc/arm-none-eabi/12.3.1/thumb/v7-m/nofp/crti.o
                0x08005464                _fini
 .fini          0x08005468        0x8 C:/ST/STM32CubeIDE_1.16.1/STM32CubeIDE/plugins/com.st.stm32cube.ide.mcu.externaltools.gnu-tools-for-stm32.12.3.rel1.win32_1.0.200.202406191623/tools/bin/../lib/gcc/arm-none-eabi/12.3.1/thumb/v7-m/nofp/crtn.o
                0x08005470                        . = ALIGN (0x4)
                0x08005470                        _etext = .

.vfp11_veneer   0x08005470        0x0
 .vfp11_veneer  0x08005470        0x0 linker stubs

.v4_bx          0x08005470        0x0
 .v4_bx         0x08005470        0x0 linker stubs

.iplt           0x08005470        0x0
 .iplt          0x08005470        0x0 C:/ST/STM32CubeIDE_1.16.1/STM32CubeIDE/plugins/com.st.stm32cube.ide.mcu.externaltools.gnu-tools-for-stm32.12.3.rel1.win32_1.0.200.202406191623/tools/bin/../lib/gcc/arm-none-eabi/12.3.1/thumb/v7-m/nofp/crtbegin.o

.rodata         0x08005470     0x360c
                0x08005470                        . = ALIGN (0x4)
 *(.rodata)
 .rodata        0x08005470       0x67 ./Core/Src/freertos.o
 *fill*         0x080054d7        0x1 
 .rodata        0x080054d8       0x13 ./Core/Src/main.o
 *fill*         0x080054eb        0x1 
 .rodata        0x080054ec        0x5 ./Middlewares/Third_Party/FreeRTOS/Source/tasks.o
 *(.rodata*)
 *fill*         0x080054f1        0x3 
 .rodata.Font11x18
                0x080054f4      0xd5c ./Core/Src/fonts.o
                0x080054f4                Font11x18
 .rodata.horse1
                0x08006250      0x400 ./Core/Src/freertos.o
                0x08006250                horse1
 .rodata.horse2
                0x08006650      0x400 ./Core/Src/freertos.o
                0x08006650                horse2
 .rodata.horse3
                0x08006a50      0x400 ./Core/Src/freertos.o
                0x08006a50                horse3
 .rodata.horse4
                0x08006e50      0x400 ./Core/Src/freertos.o
                0x08006e50                horse4
 .rodata.horse5
                0x08007250      0x400 ./Core/Src/freertos.o
                0x08007250                horse5
 .rodata.horse6
                0x08007650      0x400 ./Core/Src/freertos.o
                0x08007650                horse6
 .rodata.horse7
                0x08007a50      0x400 ./Core/Src/freertos.o
                0x08007a50                horse7
 .rodata.horse8
                0x08007e50      0x400 ./Core/Src/freertos.o
                0x08007e50                horse8
 .rodata.horse9
                0x08008250      0x400 ./Core/Src/freertos.o
                0x08008250                horse9
 .rodata.horse10
                0x08008650      0x400 ./Core/Src/freertos.o
                0x08008650                horse10
 .rodata.AHBPrescTable
                0x08008a50       0x10 ./Core/Src/system_stm32f1xx.o
                0x08008a50                AHBPrescTable
 .rodata.APBPrescTable
                0x08008a60        0x8 ./Core/Src/system_stm32f1xx.o
                0x08008a60                APBPrescTable
 .rodata.aPLLMULFactorTable.1
                0x08008a68       0x10 ./Drivers/STM32F1xx_HAL_Driver/Src/stm32f1xx_hal_rcc.o
 .rodata.aPredivFactorTable.0
                0x08008a78        0x2 ./Drivers/STM32F1xx_HAL_Driver/Src/stm32f1xx_hal_rcc.o
                0x08008a7c                        . = ALIGN (0x4)
 *fill*         0x08008a7a        0x2 

.ARM.extab      0x08008a7c        0x0
                0x08008a7c                        . = ALIGN (0x4)
 *(.ARM.extab* .gnu.linkonce.armextab.*)
                0x08008a7c                        . = ALIGN (0x4)

.ARM            0x08008a7c        0x0
                0x08008a7c                        . = ALIGN (0x4)
                0x08008a7c                        __exidx_start = .
 *(.ARM.exidx*)
                0x08008a7c                        __exidx_end = .
                0x08008a7c                        . = ALIGN (0x4)

.preinit_array  0x08008a7c        0x0
                0x08008a7c                        . = ALIGN (0x4)
                0x08008a7c                        PROVIDE (__preinit_array_start = .)
 *(.preinit_array*)
                0x08008a7c                        PROVIDE (__preinit_array_end = .)
                0x08008a7c                        . = ALIGN (0x4)

.init_array     0x08008a7c        0x4
                0x08008a7c                        . = ALIGN (0x4)
                0x08008a7c                        PROVIDE (__init_array_start = .)
 *(SORT_BY_NAME(.init_array.*))
 *(.init_array*)
 .init_array    0x08008a7c        0x4 C:/ST/STM32CubeIDE_1.16.1/STM32CubeIDE/plugins/com.st.stm32cube.ide.mcu.externaltools.gnu-tools-for-stm32.12.3.rel1.win32_1.0.200.202406191623/tools/bin/../lib/gcc/arm-none-eabi/12.3.1/thumb/v7-m/nofp/crtbegin.o
                0x08008a80                        PROVIDE (__init_array_end = .)
                0x08008a80                        . = ALIGN (0x4)

.fini_array     0x08008a80        0x4
                0x08008a80                        . = ALIGN (0x4)
                [!provide]                        PROVIDE (__fini_array_start = .)
 *(SORT_BY_NAME(.fini_array.*))
 *(.fini_array*)
 .fini_array    0x08008a80        0x4 C:/ST/STM32CubeIDE_1.16.1/STM32CubeIDE/plugins/com.st.stm32cube.ide.mcu.externaltools.gnu-tools-for-stm32.12.3.rel1.win32_1.0.200.202406191623/tools/bin/../lib/gcc/arm-none-eabi/12.3.1/thumb/v7-m/nofp/crtbegin.o
                [!provide]                        PROVIDE (__fini_array_end = .)
                0x08008a84                        . = ALIGN (0x4)
                0x08008a84                        _sidata = LOADADDR (.data)

.rel.dyn        0x08008a84        0x0
 .rel.iplt      0x08008a84        0x0 C:/ST/STM32CubeIDE_1.16.1/STM32CubeIDE/plugins/com.st.stm32cube.ide.mcu.externaltools.gnu-tools-for-stm32.12.3.rel1.win32_1.0.200.202406191623/tools/bin/../lib/gcc/arm-none-eabi/12.3.1/thumb/v7-m/nofp/crtbegin.o

.data           0x20000000       0x90 load address 0x08008a84
                0x20000000                        . = ALIGN (0x4)
                0x20000000                        _sdata = .
 *(.data)
 *(.data*)
 .data.Font_11x18
                0x20000000        0x8 ./Core/Src/fonts.o
                0x20000000                Font_11x18
 .data.horseFrames
                0x20000008       0x28 ./Core/Src/freertos.o
                0x20000008                horseFrames
 .data.SystemCoreClock
                0x20000030        0x4 ./Core/Src/system_stm32f1xx.o
                0x20000030                SystemCoreClock
 .data.uwTickPrio
                0x20000034        0x4 ./Drivers/STM32F1xx_HAL_Driver/Src/stm32f1xx_hal.o
                0x20000034                uwTickPrio
 .data.uwTickFreq
                0x20000038        0x1 ./Drivers/STM32F1xx_HAL_Driver/Src/stm32f1xx_hal.o
                0x20000038                uwTickFreq
 *fill*         0x20000039        0x3 
 .data.uxCriticalNesting
                0x2000003c        0x4 ./Middlewares/Third_Party/FreeRTOS/Source/portable/GCC/ARM_CM3/port.o
 .data._impure_ptr
                0x20000040        0x4 C:/ST/STM32CubeIDE_1.16.1/STM32CubeIDE/plugins/com.st.stm32cube.ide.mcu.externaltools.gnu-tools-for-stm32.12.3.rel1.win32_1.0.200.202406191623/tools/bin/../lib/gcc/arm-none-eabi/12.3.1/../../../../arm-none-eabi/lib/thumb/v7-m/nofp\libc_nano.a(libc_a-impure.o)
                0x20000040                _impure_ptr
 .data._impure_data
                0x20000044       0x4c C:/ST/STM32CubeIDE_1.16.1/STM32CubeIDE/plugins/com.st.stm32cube.ide.mcu.externaltools.gnu-tools-for-stm32.12.3.rel1.win32_1.0.200.202406191623/tools/bin/../lib/gcc/arm-none-eabi/12.3.1/../../../../arm-none-eabi/lib/thumb/v7-m/nofp\libc_nano.a(libc_a-impure.o)
                0x20000044                _impure_data
 *(.RamFunc)
 *(.RamFunc*)
                0x20000090                        . = ALIGN (0x4)
                0x20000090                        _edata = .

.igot.plt       0x20000090        0x0 load address 0x08008b14
 .igot.plt      0x20000090        0x0 C:/ST/STM32CubeIDE_1.16.1/STM32CubeIDE/plugins/com.st.stm32cube.ide.mcu.externaltools.gnu-tools-for-stm32.12.3.rel1.win32_1.0.200.202406191623/tools/bin/../lib/gcc/arm-none-eabi/12.3.1/thumb/v7-m/nofp/crtbegin.o
                0x20000090                        . = ALIGN (0x4)

.bss            0x20000090     0x16b8 load address 0x08008b14
                0x20000090                        _sbss = .
                0x20000090                        __bss_start__ = _sbss
 *(.bss)
 .bss           0x20000090       0x1c C:/ST/STM32CubeIDE_1.16.1/STM32CubeIDE/plugins/com.st.stm32cube.ide.mcu.externaltools.gnu-tools-for-stm32.12.3.rel1.win32_1.0.200.202406191623/tools/bin/../lib/gcc/arm-none-eabi/12.3.1/thumb/v7-m/nofp/crtbegin.o
 *(.bss*)
 .bss.hcan      0x200000ac       0x28 ./Core/Src/can.o
                0x200000ac                hcan
 .bss._LED_0F   0x200000d4       0x1d ./Core/Src/fnd_controller.o
                0x200000d4                _LED_0F
 .bss.Velocity  0x200000f1        0x1 ./Core/Src/freertos.o
                0x200000f1                Velocity
 *fill*         0x200000f2        0x2 
 .bss.rxHeader  0x200000f4       0x1c ./Core/Src/freertos.o
                0x200000f4                rxHeader
 .bss.txHeader  0x20000110       0x18 ./Core/Src/freertos.o
                0x20000110                txHeader
 .bss.canData   0x20000128        0x8 ./Core/Src/freertos.o
                0x20000128                canData
 .bss.canRX     0x20000130        0x8 ./Core/Src/freertos.o
                0x20000130                canRX
 .bss.canfil    0x20000138       0x28 ./Core/Src/freertos.o
                0x20000138                canfil
 .bss.canMailbox
                0x20000160        0x4 ./Core/Src/freertos.o
                0x20000160                canMailbox
 .bss.defaultTaskHandle
                0x20000164        0x4 ./Core/Src/freertos.o
                0x20000164                defaultTaskHandle
 .bss.myTask02Handle
                0x20000168        0x4 ./Core/Src/freertos.o
                0x20000168                myTask02Handle
 .bss.xIdleTaskTCBBuffer
                0x2000016c       0xa0 ./Core/Src/freertos.o
 .bss.xIdleStack
                0x2000020c      0x200 ./Core/Src/freertos.o
 .bss.hi2c2     0x2000040c       0x54 ./Core/Src/i2c.o
                0x2000040c                hi2c2
 .bss.SSD1306_Buffer
                0x20000460      0x400 ./Core/Src/ssd1306.o
 .bss.SSD1306   0x20000860        0x6 ./Core/Src/ssd1306.o
 *fill*         0x20000866        0x2 
 .bss.htim4     0x20000868       0x48 ./Core/Src/stm32f1xx_hal_timebase_tim.o
                0x20000868                htim4
 .bss.uwTick    0x200008b0        0x4 ./Drivers/STM32F1xx_HAL_Driver/Src/stm32f1xx_hal.o
                0x200008b0                uwTick
 .bss.pxCurrentTCB
                0x200008b4        0x4 ./Middlewares/Third_Party/FreeRTOS/Source/tasks.o
                0x200008b4                pxCurrentTCB
 .bss.pxReadyTasksLists
                0x200008b8       0x8c ./Middlewares/Third_Party/FreeRTOS/Source/tasks.o
 .bss.xDelayedTaskList1
                0x20000944       0x14 ./Middlewares/Third_Party/FreeRTOS/Source/tasks.o
 .bss.xDelayedTaskList2
                0x20000958       0x14 ./Middlewares/Third_Party/FreeRTOS/Source/tasks.o
 .bss.pxDelayedTaskList
                0x2000096c        0x4 ./Middlewares/Third_Party/FreeRTOS/Source/tasks.o
 .bss.pxOverflowDelayedTaskList
                0x20000970        0x4 ./Middlewares/Third_Party/FreeRTOS/Source/tasks.o
 .bss.xPendingReadyList
                0x20000974       0x14 ./Middlewares/Third_Party/FreeRTOS/Source/tasks.o
 .bss.xTasksWaitingTermination
                0x20000988       0x14 ./Middlewares/Third_Party/FreeRTOS/Source/tasks.o
 .bss.uxDeletedTasksWaitingCleanUp
                0x2000099c        0x4 ./Middlewares/Third_Party/FreeRTOS/Source/tasks.o
 .bss.xSuspendedTaskList
                0x200009a0       0x14 ./Middlewares/Third_Party/FreeRTOS/Source/tasks.o
 .bss.uxCurrentNumberOfTasks
                0x200009b4        0x4 ./Middlewares/Third_Party/FreeRTOS/Source/tasks.o
 .bss.xTickCount
                0x200009b8        0x4 ./Middlewares/Third_Party/FreeRTOS/Source/tasks.o
 .bss.uxTopReadyPriority
                0x200009bc        0x4 ./Middlewares/Third_Party/FreeRTOS/Source/tasks.o
 .bss.xSchedulerRunning
                0x200009c0        0x4 ./Middlewares/Third_Party/FreeRTOS/Source/tasks.o
 .bss.xPendedTicks
                0x200009c4        0x4 ./Middlewares/Third_Party/FreeRTOS/Source/tasks.o
 .bss.xYieldPending
                0x200009c8        0x4 ./Middlewares/Third_Party/FreeRTOS/Source/tasks.o
 .bss.xNumOfOverflows
                0x200009cc        0x4 ./Middlewares/Third_Party/FreeRTOS/Source/tasks.o
 .bss.uxTaskNumber
                0x200009d0        0x4 ./Middlewares/Third_Party/FreeRTOS/Source/tasks.o
 .bss.xNextTaskUnblockTime
                0x200009d4        0x4 ./Middlewares/Third_Party/FreeRTOS/Source/tasks.o
 .bss.xIdleTaskHandle
                0x200009d8        0x4 ./Middlewares/Third_Party/FreeRTOS/Source/tasks.o
 .bss.uxSchedulerSuspended
                0x200009dc        0x4 ./Middlewares/Third_Party/FreeRTOS/Source/tasks.o
 .bss.ucMaxSysCallPriority
                0x200009e0        0x1 ./Middlewares/Third_Party/FreeRTOS/Source/portable/GCC/ARM_CM3/port.o
 *fill*         0x200009e1        0x3 
 .bss.ulMaxPRIGROUPValue
                0x200009e4        0x4 ./Middlewares/Third_Party/FreeRTOS/Source/portable/GCC/ARM_CM3/port.o
 .bss.ucHeap    0x200009e8      0xc00 ./Middlewares/Third_Party/FreeRTOS/Source/portable/MemMang/heap_4.o
 .bss.xStart    0x200015e8        0x8 ./Middlewares/Third_Party/FreeRTOS/Source/portable/MemMang/heap_4.o
 .bss.pxEnd     0x200015f0        0x4 ./Middlewares/Third_Party/FreeRTOS/Source/portable/MemMang/heap_4.o
 .bss.xFreeBytesRemaining
                0x200015f4        0x4 ./Middlewares/Third_Party/FreeRTOS/Source/portable/MemMang/heap_4.o
 .bss.xMinimumEverFreeBytesRemaining
                0x200015f8        0x4 ./Middlewares/Third_Party/FreeRTOS/Source/portable/MemMang/heap_4.o
 .bss.xNumberOfSuccessfulAllocations
                0x200015fc        0x4 ./Middlewares/Third_Party/FreeRTOS/Source/portable/MemMang/heap_4.o
 .bss.xNumberOfSuccessfulFrees
                0x20001600        0x4 ./Middlewares/Third_Party/FreeRTOS/Source/portable/MemMang/heap_4.o
 .bss.xBlockAllocatedBit
                0x20001604        0x4 ./Middlewares/Third_Party/FreeRTOS/Source/portable/MemMang/heap_4.o
 .bss.__sf      0x20001608      0x138 C:/ST/STM32CubeIDE_1.16.1/STM32CubeIDE/plugins/com.st.stm32cube.ide.mcu.externaltools.gnu-tools-for-stm32.12.3.rel1.win32_1.0.200.202406191623/tools/bin/../lib/gcc/arm-none-eabi/12.3.1/../../../../arm-none-eabi/lib/thumb/v7-m/nofp\libc_nano.a(libc_a-findfp.o)
                0x20001608                __sf
 .bss.__lock___malloc_recursive_mutex
                0x20001740        0x1 C:/ST/STM32CubeIDE_1.16.1/STM32CubeIDE/plugins/com.st.stm32cube.ide.mcu.externaltools.gnu-tools-for-stm32.12.3.rel1.win32_1.0.200.202406191623/tools/bin/../lib/gcc/arm-none-eabi/12.3.1/../../../../arm-none-eabi/lib/thumb/v7-m/nofp\libc_nano.a(libc_a-lock.o)
                0x20001740                __lock___malloc_recursive_mutex
 *fill*         0x20001741        0x3 
 .bss.__malloc_free_list
                0x20001744        0x4 C:/ST/STM32CubeIDE_1.16.1/STM32CubeIDE/plugins/com.st.stm32cube.ide.mcu.externaltools.gnu-tools-for-stm32.12.3.rel1.win32_1.0.200.202406191623/tools/bin/../lib/gcc/arm-none-eabi/12.3.1/../../../../arm-none-eabi/lib/thumb/v7-m/nofp\libc_nano.a(libc_a-mallocr.o)
                0x20001744                __malloc_free_list
 *(COMMON)
                0x20001748                        . = ALIGN (0x4)
                0x20001748                        _ebss = .
                0x20001748                        __bss_end__ = _ebss

._user_heap_stack
                0x20001748      0x600 load address 0x08008b14
                0x20001748                        . = ALIGN (0x8)
                [!provide]                        PROVIDE (end = .)
                0x20001748                        PROVIDE (_end = .)
                0x20001948                        . = (. + _Min_Heap_Size)
 *fill*         0x20001748      0x200 
                0x20001d48                        . = (. + _Min_Stack_Size)
 *fill*         0x20001948      0x400 
                0x20001d48                        . = ALIGN (0x8)

/DISCARD/
 libc.a(*)
 libm.a(*)
 libgcc.a(*)

.ARM.attributes
                0x00000000       0x29
 *(.ARM.attributes)
 .ARM.attributes
                0x00000000       0x1d C:/ST/STM32CubeIDE_1.16.1/STM32CubeIDE/plugins/com.st.stm32cube.ide.mcu.externaltools.gnu-tools-for-stm32.12.3.rel1.win32_1.0.200.202406191623/tools/bin/../lib/gcc/arm-none-eabi/12.3.1/thumb/v7-m/nofp/crti.o
 .ARM.attributes
                0x0000001d       0x2d C:/ST/STM32CubeIDE_1.16.1/STM32CubeIDE/plugins/com.st.stm32cube.ide.mcu.externaltools.gnu-tools-for-stm32.12.3.rel1.win32_1.0.200.202406191623/tools/bin/../lib/gcc/arm-none-eabi/12.3.1/thumb/v7-m/nofp/crtbegin.o
 .ARM.attributes
                0x0000004a       0x2d ./Core/Src/can.o
 .ARM.attributes
                0x00000077       0x2d ./Core/Src/fnd_controller.o
 .ARM.attributes
                0x000000a4       0x2d ./Core/Src/fonts.o
 .ARM.attributes
                0x000000d1       0x2d ./Core/Src/freertos.o
 .ARM.attributes
                0x000000fe       0x2d ./Core/Src/gpio.o
 .ARM.attributes
                0x0000012b       0x2d ./Core/Src/i2c.o
 .ARM.attributes
                0x00000158       0x2d ./Core/Src/main.o
 .ARM.attributes
                0x00000185       0x2d ./Core/Src/ssd1306.o
 .ARM.attributes
                0x000001b2       0x2d ./Core/Src/stm32f1xx_hal_msp.o
 .ARM.attributes
                0x000001df       0x2d ./Core/Src/stm32f1xx_hal_timebase_tim.o
 .ARM.attributes
                0x0000020c       0x2d ./Core/Src/stm32f1xx_it.o
 .ARM.attributes
                0x00000239       0x2d ./Core/Src/system_stm32f1xx.o
 .ARM.attributes
                0x00000266       0x21 ./Core/Startup/startup_stm32f103c8tx.o
 .ARM.attributes
                0x00000287       0x2d ./Drivers/STM32F1xx_HAL_Driver/Src/stm32f1xx_hal.o
 .ARM.attributes
                0x000002b4       0x2d ./Drivers/STM32F1xx_HAL_Driver/Src/stm32f1xx_hal_can.o
 .ARM.attributes
                0x000002e1       0x2d ./Drivers/STM32F1xx_HAL_Driver/Src/stm32f1xx_hal_cortex.o
 .ARM.attributes
                0x0000030e       0x2d ./Drivers/STM32F1xx_HAL_Driver/Src/stm32f1xx_hal_gpio.o
 .ARM.attributes
                0x0000033b       0x2d ./Drivers/STM32F1xx_HAL_Driver/Src/stm32f1xx_hal_i2c.o
 .ARM.attributes
                0x00000368       0x2d ./Drivers/STM32F1xx_HAL_Driver/Src/stm32f1xx_hal_rcc.o
 .ARM.attributes
                0x00000395       0x2d ./Drivers/STM32F1xx_HAL_Driver/Src/stm32f1xx_hal_tim.o
 .ARM.attributes
                0x000003c2       0x2d ./Drivers/STM32F1xx_HAL_Driver/Src/stm32f1xx_hal_tim_ex.o
 .ARM.attributes
                0x000003ef       0x2d ./Middlewares/Third_Party/FreeRTOS/Source/CMSIS_RTOS/cmsis_os.o
 .ARM.attributes
                0x0000041c       0x2d ./Middlewares/Third_Party/FreeRTOS/Source/list.o
 .ARM.attributes
                0x00000449       0x2d ./Middlewares/Third_Party/FreeRTOS/Source/tasks.o
 .ARM.attributes
                0x00000476       0x2d ./Middlewares/Third_Party/FreeRTOS/Source/portable/GCC/ARM_CM3/port.o
 .ARM.attributes
                0x000004a3       0x2d ./Middlewares/Third_Party/FreeRTOS/Source/portable/MemMang/heap_4.o
 .ARM.attributes
                0x000004d0       0x2d C:/ST/STM32CubeIDE_1.16.1/STM32CubeIDE/plugins/com.st.stm32cube.ide.mcu.externaltools.gnu-tools-for-stm32.12.3.rel1.win32_1.0.200.202406191623/tools/bin/../lib/gcc/arm-none-eabi/12.3.1/../../../../arm-none-eabi/lib/thumb/v7-m/nofp\libc_nano.a(libc_a-findfp.o)
 .ARM.attributes
                0x000004fd       0x2d C:/ST/STM32CubeIDE_1.16.1/STM32CubeIDE/plugins/com.st.stm32cube.ide.mcu.externaltools.gnu-tools-for-stm32.12.3.rel1.win32_1.0.200.202406191623/tools/bin/../lib/gcc/arm-none-eabi/12.3.1/../../../../arm-none-eabi/lib/thumb/v7-m/nofp\libc_nano.a(libc_a-memset.o)
 .ARM.attributes
                0x0000052a       0x2d C:/ST/STM32CubeIDE_1.16.1/STM32CubeIDE/plugins/com.st.stm32cube.ide.mcu.externaltools.gnu-tools-for-stm32.12.3.rel1.win32_1.0.200.202406191623/tools/bin/../lib/gcc/arm-none-eabi/12.3.1/../../../../arm-none-eabi/lib/thumb/v7-m/nofp\libc_nano.a(libc_a-reent.o)
 .ARM.attributes
                0x00000557       0x2d C:/ST/STM32CubeIDE_1.16.1/STM32CubeIDE/plugins/com.st.stm32cube.ide.mcu.externaltools.gnu-tools-for-stm32.12.3.rel1.win32_1.0.200.202406191623/tools/bin/../lib/gcc/arm-none-eabi/12.3.1/../../../../arm-none-eabi/lib/thumb/v7-m/nofp\libc_nano.a(libc_a-impure.o)
 .ARM.attributes
                0x00000584       0x2d C:/ST/STM32CubeIDE_1.16.1/STM32CubeIDE/plugins/com.st.stm32cube.ide.mcu.externaltools.gnu-tools-for-stm32.12.3.rel1.win32_1.0.200.202406191623/tools/bin/../lib/gcc/arm-none-eabi/12.3.1/../../../../arm-none-eabi/lib/thumb/v7-m/nofp\libc_nano.a(libc_a-init.o)
 .ARM.attributes
                0x000005b1       0x2d C:/ST/STM32CubeIDE_1.16.1/STM32CubeIDE/plugins/com.st.stm32cube.ide.mcu.externaltools.gnu-tools-for-stm32.12.3.rel1.win32_1.0.200.202406191623/tools/bin/../lib/gcc/arm-none-eabi/12.3.1/../../../../arm-none-eabi/lib/thumb/v7-m/nofp\libc_nano.a(libc_a-lock.o)
 .ARM.attributes
                0x000005de       0x2d C:/ST/STM32CubeIDE_1.16.1/STM32CubeIDE/plugins/com.st.stm32cube.ide.mcu.externaltools.gnu-tools-for-stm32.12.3.rel1.win32_1.0.200.202406191623/tools/bin/../lib/gcc/arm-none-eabi/12.3.1/../../../../arm-none-eabi/lib/thumb/v7-m/nofp\libc_nano.a(libc_a-freer.o)
 .ARM.attributes
                0x0000060b       0x2d C:/ST/STM32CubeIDE_1.16.1/STM32CubeIDE/plugins/com.st.stm32cube.ide.mcu.externaltools.gnu-tools-for-stm32.12.3.rel1.win32_1.0.200.202406191623/tools/bin/../lib/gcc/arm-none-eabi/12.3.1/../../../../arm-none-eabi/lib/thumb/v7-m/nofp\libc_nano.a(libc_a-mallocr.o)
 .ARM.attributes
                0x00000638       0x2d C:/ST/STM32CubeIDE_1.16.1/STM32CubeIDE/plugins/com.st.stm32cube.ide.mcu.externaltools.gnu-tools-for-stm32.12.3.rel1.win32_1.0.200.202406191623/tools/bin/../lib/gcc/arm-none-eabi/12.3.1/../../../../arm-none-eabi/lib/thumb/v7-m/nofp\libc_nano.a(libc_a-mlock.o)
 .ARM.attributes
                0x00000665       0x1d C:/ST/STM32CubeIDE_1.16.1/STM32CubeIDE/plugins/com.st.stm32cube.ide.mcu.externaltools.gnu-tools-for-stm32.12.3.rel1.win32_1.0.200.202406191623/tools/bin/../lib/gcc/arm-none-eabi/12.3.1/thumb/v7-m/nofp/crtn.o
OUTPUT(KostaCanProject.elf elf32-littlearm)
LOAD linker stubs
LOAD C:/ST/STM32CubeIDE_1.16.1/STM32CubeIDE/plugins/com.st.stm32cube.ide.mcu.externaltools.gnu-tools-for-stm32.12.3.rel1.win32_1.0.200.202406191623/tools/bin/../lib/gcc/arm-none-eabi/12.3.1/../../../../arm-none-eabi/lib/thumb/v7-m/nofp\libc.a
LOAD C:/ST/STM32CubeIDE_1.16.1/STM32CubeIDE/plugins/com.st.stm32cube.ide.mcu.externaltools.gnu-tools-for-stm32.12.3.rel1.win32_1.0.200.202406191623/tools/bin/../lib/gcc/arm-none-eabi/12.3.1/../../../../arm-none-eabi/lib/thumb/v7-m/nofp\libm.a
LOAD C:/ST/STM32CubeIDE_1.16.1/STM32CubeIDE/plugins/com.st.stm32cube.ide.mcu.externaltools.gnu-tools-for-stm32.12.3.rel1.win32_1.0.200.202406191623/tools/bin/../lib/gcc/arm-none-eabi/12.3.1/thumb/v7-m/nofp\libgcc.a

.debug_info     0x00000000    0x1457d
 .debug_info    0x00000000      0x867 ./Core/Src/can.o
 .debug_info    0x00000867      0x4a5 ./Core/Src/fnd_controller.o
 .debug_info    0x00000d0c      0x255 ./Core/Src/fonts.o
 .debug_info    0x00000f61     0x1503 ./Core/Src/freertos.o
 .debug_info    0x00002464      0x2d3 ./Core/Src/gpio.o
 .debug_info    0x00002737      0x7e3 ./Core/Src/i2c.o
 .debug_info    0x00002f1a      0x9dd ./Core/Src/main.o
 .debug_info    0x000038f7     0x1028 ./Core/Src/ssd1306.o
 .debug_info    0x0000491f      0x361 ./Core/Src/stm32f1xx_hal_msp.o
 .debug_info    0x00004c80      0x9a8 ./Core/Src/stm32f1xx_hal_timebase_tim.o
 .debug_info    0x00005628      0xa35 ./Core/Src/stm32f1xx_it.o
 .debug_info    0x0000605d      0x222 ./Core/Src/system_stm32f1xx.o
 .debug_info    0x0000627f       0x30 ./Core/Startup/startup_stm32f103c8tx.o
 .debug_info    0x000062af      0x704 ./Drivers/STM32F1xx_HAL_Driver/Src/stm32f1xx_hal.o
 .debug_info    0x000069b3      0xf13 ./Drivers/STM32F1xx_HAL_Driver/Src/stm32f1xx_hal_can.o
 .debug_info    0x000078c6      0xa87 ./Drivers/STM32F1xx_HAL_Driver/Src/stm32f1xx_hal_cortex.o
 .debug_info    0x0000834d      0x5ab ./Drivers/STM32F1xx_HAL_Driver/Src/stm32f1xx_hal_gpio.o
 .debug_info    0x000088f8     0x2524 ./Drivers/STM32F1xx_HAL_Driver/Src/stm32f1xx_hal_i2c.o
 .debug_info    0x0000ae1c      0x7d5 ./Drivers/STM32F1xx_HAL_Driver/Src/stm32f1xx_hal_rcc.o
 .debug_info    0x0000b5f1     0x2959 ./Drivers/STM32F1xx_HAL_Driver/Src/stm32f1xx_hal_tim.o
 .debug_info    0x0000df4a     0x149b ./Drivers/STM32F1xx_HAL_Driver/Src/stm32f1xx_hal_tim_ex.o
 .debug_info    0x0000f3e5     0x21e2 ./Middlewares/Third_Party/FreeRTOS/Source/CMSIS_RTOS/cmsis_os.o
 .debug_info    0x000115c7      0x2af ./Middlewares/Third_Party/FreeRTOS/Source/list.o
 .debug_info    0x00011876     0x239e ./Middlewares/Third_Party/FreeRTOS/Source/tasks.o
 .debug_info    0x00013c14      0x494 ./Middlewares/Third_Party/FreeRTOS/Source/portable/GCC/ARM_CM3/port.o
 .debug_info    0x000140a8      0x4d5 ./Middlewares/Third_Party/FreeRTOS/Source/portable/MemMang/heap_4.o

.debug_abbrev   0x00000000     0x3775
 .debug_abbrev  0x00000000      0x232 ./Core/Src/can.o
 .debug_abbrev  0x00000232      0x172 ./Core/Src/fnd_controller.o
 .debug_abbrev  0x000003a4      0x11c ./Core/Src/fonts.o
 .debug_abbrev  0x000004c0      0x314 ./Core/Src/freertos.o
 .debug_abbrev  0x000007d4      0x13f ./Core/Src/gpio.o
 .debug_abbrev  0x00000913      0x1de ./Core/Src/i2c.o
 .debug_abbrev  0x00000af1      0x2af ./Core/Src/main.o
 .debug_abbrev  0x00000da0      0x30d ./Core/Src/ssd1306.o
 .debug_abbrev  0x000010ad      0x11c ./Core/Src/stm32f1xx_hal_msp.o
 .debug_abbrev  0x000011c9      0x1f3 ./Core/Src/stm32f1xx_hal_timebase_tim.o
 .debug_abbrev  0x000013bc      0x1d8 ./Core/Src/stm32f1xx_it.o
 .debug_abbrev  0x00001594      0x13f ./Core/Src/system_stm32f1xx.o
 .debug_abbrev  0x000016d3       0x24 ./Core/Startup/startup_stm32f103c8tx.o
 .debug_abbrev  0x000016f7      0x201 ./Drivers/STM32F1xx_HAL_Driver/Src/stm32f1xx_hal.o
 .debug_abbrev  0x000018f8      0x21c ./Drivers/STM32F1xx_HAL_Driver/Src/stm32f1xx_hal_can.o
 .debug_abbrev  0x00001b14      0x2f8 ./Drivers/STM32F1xx_HAL_Driver/Src/stm32f1xx_hal_cortex.o
 .debug_abbrev  0x00001e0c      0x1ca ./Drivers/STM32F1xx_HAL_Driver/Src/stm32f1xx_hal_gpio.o
 .debug_abbrev  0x00001fd6      0x2a3 ./Drivers/STM32F1xx_HAL_Driver/Src/stm32f1xx_hal_i2c.o
 .debug_abbrev  0x00002279      0x2b3 ./Drivers/STM32F1xx_HAL_Driver/Src/stm32f1xx_hal_rcc.o
 .debug_abbrev  0x0000252c      0x277 ./Drivers/STM32F1xx_HAL_Driver/Src/stm32f1xx_hal_tim.o
 .debug_abbrev  0x000027a3      0x282 ./Drivers/STM32F1xx_HAL_Driver/Src/stm32f1xx_hal_tim_ex.o
 .debug_abbrev  0x00002a25      0x416 ./Middlewares/Third_Party/FreeRTOS/Source/CMSIS_RTOS/cmsis_os.o
 .debug_abbrev  0x00002e3b       0xf5 ./Middlewares/Third_Party/FreeRTOS/Source/list.o
 .debug_abbrev  0x00002f30      0x3d0 ./Middlewares/Third_Party/FreeRTOS/Source/tasks.o
 .debug_abbrev  0x00003300      0x258 ./Middlewares/Third_Party/FreeRTOS/Source/portable/GCC/ARM_CM3/port.o
 .debug_abbrev  0x00003558      0x21d ./Middlewares/Third_Party/FreeRTOS/Source/portable/MemMang/heap_4.o

.debug_aranges  0x00000000     0x1400
 .debug_aranges
                0x00000000       0x30 ./Core/Src/can.o
 .debug_aranges
                0x00000030       0x78 ./Core/Src/fnd_controller.o
 .debug_aranges
                0x000000a8       0x20 ./Core/Src/fonts.o
 .debug_aranges
                0x000000c8       0x40 ./Core/Src/freertos.o
 .debug_aranges
                0x00000108       0x20 ./Core/Src/gpio.o
 .debug_aranges
                0x00000128       0x30 ./Core/Src/i2c.o
 .debug_aranges
                0x00000158       0x38 ./Core/Src/main.o
 .debug_aranges
                0x00000190       0xf8 ./Core/Src/ssd1306.o
 .debug_aranges
                0x00000288       0x20 ./Core/Src/stm32f1xx_hal_msp.o
 .debug_aranges
                0x000002a8       0x30 ./Core/Src/stm32f1xx_hal_timebase_tim.o
 .debug_aranges
                0x000002d8       0x58 ./Core/Src/stm32f1xx_it.o
 .debug_aranges
                0x00000330       0x28 ./Core/Src/system_stm32f1xx.o
 .debug_aranges
                0x00000358       0x28 ./Core/Startup/startup_stm32f103c8tx.o
 .debug_aranges
                0x00000380       0xe0 ./Drivers/STM32F1xx_HAL_Driver/Src/stm32f1xx_hal.o
 .debug_aranges
                0x00000460      0x138 ./Drivers/STM32F1xx_HAL_Driver/Src/stm32f1xx_hal_can.o
 .debug_aranges
                0x00000598      0x100 ./Drivers/STM32F1xx_HAL_Driver/Src/stm32f1xx_hal_cortex.o
 .debug_aranges
                0x00000698       0x58 ./Drivers/STM32F1xx_HAL_Driver/Src/stm32f1xx_hal_gpio.o
 .debug_aranges
                0x000006f0      0x2a8 ./Drivers/STM32F1xx_HAL_Driver/Src/stm32f1xx_hal_i2c.o
 .debug_aranges
                0x00000998       0x90 ./Drivers/STM32F1xx_HAL_Driver/Src/stm32f1xx_hal_rcc.o
 .debug_aranges
                0x00000a28      0x3d0 ./Drivers/STM32F1xx_HAL_Driver/Src/stm32f1xx_hal_tim.o
 .debug_aranges
                0x00000df8      0x168 ./Drivers/STM32F1xx_HAL_Driver/Src/stm32f1xx_hal_tim_ex.o
 .debug_aranges
                0x00000f60      0x1d8 ./Middlewares/Third_Party/FreeRTOS/Source/CMSIS_RTOS/cmsis_os.o
 .debug_aranges
                0x00001138       0x40 ./Middlewares/Third_Party/FreeRTOS/Source/list.o
 .debug_aranges
                0x00001178      0x1b8 ./Middlewares/Third_Party/FreeRTOS/Source/tasks.o
 .debug_aranges
                0x00001330       0x78 ./Middlewares/Third_Party/FreeRTOS/Source/portable/GCC/ARM_CM3/port.o
 .debug_aranges
                0x000013a8       0x58 ./Middlewares/Third_Party/FreeRTOS/Source/portable/MemMang/heap_4.o

.debug_rnglists
                0x00000000      0xf77
 .debug_rnglists
                0x00000000       0x20 ./Core/Src/can.o
 .debug_rnglists
                0x00000020       0x5a ./Core/Src/fnd_controller.o
 .debug_rnglists
                0x0000007a       0x13 ./Core/Src/fonts.o
 .debug_rnglists
                0x0000008d       0x2d ./Core/Src/freertos.o
 .debug_rnglists
                0x000000ba       0x14 ./Core/Src/gpio.o
 .debug_rnglists
                0x000000ce       0x20 ./Core/Src/i2c.o
 .debug_rnglists
                0x000000ee       0x26 ./Core/Src/main.o
 .debug_rnglists
                0x00000114       0xc2 ./Core/Src/ssd1306.o
 .debug_rnglists
                0x000001d6       0x13 ./Core/Src/stm32f1xx_hal_msp.o
 .debug_rnglists
                0x000001e9       0x20 ./Core/Src/stm32f1xx_hal_timebase_tim.o
 .debug_rnglists
                0x00000209       0x3d ./Core/Src/stm32f1xx_it.o
 .debug_rnglists
                0x00000246       0x1a ./Core/Src/system_stm32f1xx.o
 .debug_rnglists
                0x00000260       0x19 ./Core/Startup/startup_stm32f103c8tx.o
 .debug_rnglists
                0x00000279       0xa3 ./Drivers/STM32F1xx_HAL_Driver/Src/stm32f1xx_hal.o
 .debug_rnglists
                0x0000031c       0xed ./Drivers/STM32F1xx_HAL_Driver/Src/stm32f1xx_hal_can.o
 .debug_rnglists
                0x00000409       0xbb ./Drivers/STM32F1xx_HAL_Driver/Src/stm32f1xx_hal_cortex.o
 .debug_rnglists
                0x000004c4       0x3f ./Drivers/STM32F1xx_HAL_Driver/Src/stm32f1xx_hal_gpio.o
 .debug_rnglists
                0x00000503      0x23c ./Drivers/STM32F1xx_HAL_Driver/Src/stm32f1xx_hal_i2c.o
 .debug_rnglists
                0x0000073f       0x6c ./Drivers/STM32F1xx_HAL_Driver/Src/stm32f1xx_hal_rcc.o
 .debug_rnglists
                0x000007ab      0x31a ./Drivers/STM32F1xx_HAL_Driver/Src/stm32f1xx_hal_tim.o
 .debug_rnglists
                0x00000ac5      0x125 ./Drivers/STM32F1xx_HAL_Driver/Src/stm32f1xx_hal_tim_ex.o
 .debug_rnglists
                0x00000bea      0x16a ./Middlewares/Third_Party/FreeRTOS/Source/CMSIS_RTOS/cmsis_os.o
 .debug_rnglists
                0x00000d54       0x2b ./Middlewares/Third_Party/FreeRTOS/Source/list.o
 .debug_rnglists
                0x00000d7f      0x15f ./Middlewares/Third_Party/FreeRTOS/Source/tasks.o
 .debug_rnglists
                0x00000ede       0x57 ./Middlewares/Third_Party/FreeRTOS/Source/portable/GCC/ARM_CM3/port.o
 .debug_rnglists
                0x00000f35       0x42 ./Middlewares/Third_Party/FreeRTOS/Source/portable/MemMang/heap_4.o

.debug_macro    0x00000000    0x1a638
 .debug_macro   0x00000000      0x1c6 ./Core/Src/can.o
 .debug_macro   0x000001c6      0xaa8 ./Core/Src/can.o
 .debug_macro   0x00000c6e      0x221 ./Core/Src/can.o
 .debug_macro   0x00000e8f       0x2e ./Core/Src/can.o
 .debug_macro   0x00000ebd       0x22 ./Core/Src/can.o
 .debug_macro   0x00000edf       0x22 ./Core/Src/can.o
 .debug_macro   0x00000f01       0x8e ./Core/Src/can.o
 .debug_macro   0x00000f8f       0x51 ./Core/Src/can.o
 .debug_macro   0x00000fe0      0x103 ./Core/Src/can.o
 .debug_macro   0x000010e3       0x6a ./Core/Src/can.o
 .debug_macro   0x0000114d      0x1df ./Core/Src/can.o
 .debug_macro   0x0000132c       0x1c ./Core/Src/can.o
 .debug_macro   0x00001348       0x22 ./Core/Src/can.o
 .debug_macro   0x0000136a       0xbd ./Core/Src/can.o
 .debug_macro   0x00001427      0xd23 ./Core/Src/can.o
 .debug_macro   0x0000214a     0xe09e ./Core/Src/can.o
 .debug_macro   0x000101e8       0x6d ./Core/Src/can.o
 .debug_macro   0x00010255     0x34a2 ./Core/Src/can.o
 .debug_macro   0x000136f7      0x189 ./Core/Src/can.o
 .debug_macro   0x00013880       0x5c ./Core/Src/can.o
 .debug_macro   0x000138dc      0x5bc ./Core/Src/can.o
 .debug_macro   0x00013e98      0x289 ./Core/Src/can.o
 .debug_macro   0x00014121      0x1cb ./Core/Src/can.o
 .debug_macro   0x000142ec      0x114 ./Core/Src/can.o
 .debug_macro   0x00014400      0x1b2 ./Core/Src/can.o
 .debug_macro   0x000145b2       0x27 ./Core/Src/can.o
 .debug_macro   0x000145d9      0x136 ./Core/Src/can.o
 .debug_macro   0x0001470f      0x1bc ./Core/Src/can.o
 .debug_macro   0x000148cb       0x34 ./Core/Src/can.o
 .debug_macro   0x000148ff       0x3c ./Core/Src/can.o
 .debug_macro   0x0001493b      0x408 ./Core/Src/can.o
 .debug_macro   0x00014d43       0x57 ./Core/Src/can.o
 .debug_macro   0x00014d9a       0x87 ./Core/Src/can.o
 .debug_macro   0x00014e21      0x240 ./Core/Src/can.o
 .debug_macro   0x00015061      0x287 ./Core/Src/can.o
 .debug_macro   0x000152e8      0x140 ./Core/Src/can.o
 .debug_macro   0x00015428      0x8ed ./Core/Src/can.o
 .debug_macro   0x00015d15       0x83 ./Core/Src/can.o
 .debug_macro   0x00015d98       0x34 ./Core/Src/can.o
 .debug_macro   0x00015dcc      0x1c9 ./Core/Src/fnd_controller.o
 .debug_macro   0x00015f95       0x22 ./Core/Src/fnd_controller.o
 .debug_macro   0x00015fb7      0x285 ./Core/Src/fonts.o
 .debug_macro   0x0001623c       0x61 ./Core/Src/fonts.o
 .debug_macro   0x0001629d       0x24 ./Core/Src/fonts.o
 .debug_macro   0x000162c1       0x43 ./Core/Src/fonts.o
 .debug_macro   0x00016304       0x34 ./Core/Src/fonts.o
 .debug_macro   0x00016338       0x16 ./Core/Src/fonts.o
 .debug_macro   0x0001634e       0x43 ./Core/Src/fonts.o
 .debug_macro   0x00016391       0x34 ./Core/Src/fonts.o
 .debug_macro   0x000163c5       0x10 ./Core/Src/fonts.o
 .debug_macro   0x000163d5       0x58 ./Core/Src/fonts.o
 .debug_macro   0x0001642d       0x8e ./Core/Src/fonts.o
 .debug_macro   0x000164bb       0x1c ./Core/Src/fonts.o
 .debug_macro   0x000164d7      0x177 ./Core/Src/fonts.o
 .debug_macro   0x0001664e      0x369 ./Core/Src/fonts.o
 .debug_macro   0x000169b7       0x10 ./Core/Src/fonts.o
 .debug_macro   0x000169c7       0x35 ./Core/Src/fonts.o
 .debug_macro   0x000169fc       0x20 ./Core/Src/fonts.o
 .debug_macro   0x00016a1c      0x3c9 ./Core/Src/freertos.o
 .debug_macro   0x00016de5       0xdc ./Core/Src/freertos.o
 .debug_macro   0x00016ec1      0x15a ./Core/Src/freertos.o
 .debug_macro   0x0001701b       0xde ./Core/Src/freertos.o
 .debug_macro   0x000170f9       0x1c ./Core/Src/freertos.o
 .debug_macro   0x00017115       0x26 ./Core/Src/freertos.o
 .debug_macro   0x0001713b       0x10 ./Core/Src/freertos.o
 .debug_macro   0x0001714b      0x513 ./Core/Src/freertos.o
 .debug_macro   0x0001765e       0xb5 ./Core/Src/freertos.o
 .debug_macro   0x00017713       0xaa ./Core/Src/freertos.o
 .debug_macro   0x000177bd       0x91 ./Core/Src/freertos.o
 .debug_macro   0x0001784e       0x8d ./Core/Src/freertos.o
 .debug_macro   0x000178db       0x7e ./Core/Src/freertos.o
 .debug_macro   0x00017959       0x19 ./Core/Src/freertos.o
 .debug_macro   0x00017972       0xf2 ./Core/Src/freertos.o
 .debug_macro   0x00017a64       0x16 ./Core/Src/freertos.o
 .debug_macro   0x00017a7a       0x16 ./Core/Src/freertos.o
 .debug_macro   0x00017a90       0x29 ./Core/Src/freertos.o
 .debug_macro   0x00017ab9       0x23 ./Core/Src/freertos.o
 .debug_macro   0x00017adc      0x1c6 ./Core/Src/gpio.o
 .debug_macro   0x00017ca2      0x1c6 ./Core/Src/i2c.o
 .debug_macro   0x00017e68      0x3cd ./Core/Src/main.o
 .debug_macro   0x00018235       0xdc ./Core/Src/main.o
 .debug_macro   0x00018311      0x310 ./Core/Src/ssd1306.o
 .debug_macro   0x00018621      0x1bc ./Core/Src/stm32f1xx_hal_msp.o
 .debug_macro   0x000187dd      0x1ad ./Core/Src/stm32f1xx_hal_timebase_tim.o
 .debug_macro   0x0001898a      0x1c6 ./Core/Src/stm32f1xx_it.o
 .debug_macro   0x00018b50      0x1ad ./Core/Src/system_stm32f1xx.o
 .debug_macro   0x00018cfd      0x1d1 ./Drivers/STM32F1xx_HAL_Driver/Src/stm32f1xx_hal.o
 .debug_macro   0x00018ece      0x1bc ./Drivers/STM32F1xx_HAL_Driver/Src/stm32f1xx_hal_can.o
 .debug_macro   0x0001908a      0x1ad ./Drivers/STM32F1xx_HAL_Driver/Src/stm32f1xx_hal_cortex.o
 .debug_macro   0x00019237      0x218 ./Drivers/STM32F1xx_HAL_Driver/Src/stm32f1xx_hal_gpio.o
 .debug_macro   0x0001944f      0x1fb ./Drivers/STM32F1xx_HAL_Driver/Src/stm32f1xx_hal_i2c.o
 .debug_macro   0x0001964a      0x1bf ./Drivers/STM32F1xx_HAL_Driver/Src/stm32f1xx_hal_rcc.o
 .debug_macro   0x00019809      0x1ae ./Drivers/STM32F1xx_HAL_Driver/Src/stm32f1xx_hal_tim.o
 .debug_macro   0x000199b7      0x1ad ./Drivers/STM32F1xx_HAL_Driver/Src/stm32f1xx_hal_tim_ex.o
 .debug_macro   0x00019b64      0x210 ./Middlewares/Third_Party/FreeRTOS/Source/CMSIS_RTOS/cmsis_os.o
 .debug_macro   0x00019d74       0x16 ./Middlewares/Third_Party/FreeRTOS/Source/CMSIS_RTOS/cmsis_os.o
 .debug_macro   0x00019d8a       0xab ./Middlewares/Third_Party/FreeRTOS/Source/CMSIS_RTOS/cmsis_os.o
 .debug_macro   0x00019e35      0x199 ./Middlewares/Third_Party/FreeRTOS/Source/list.o
 .debug_macro   0x00019fce      0x28b ./Middlewares/Third_Party/FreeRTOS/Source/tasks.o
 .debug_macro   0x0001a259       0x10 ./Middlewares/Third_Party/FreeRTOS/Source/tasks.o
 .debug_macro   0x0001a269      0x20f ./Middlewares/Third_Party/FreeRTOS/Source/portable/GCC/ARM_CM3/port.o
 .debug_macro   0x0001a478      0x1c0 ./Middlewares/Third_Party/FreeRTOS/Source/portable/MemMang/heap_4.o

.debug_line     0x00000000    0x18014
 .debug_line    0x00000000      0x791 ./Core/Src/can.o
 .debug_line    0x00000791      0x99b ./Core/Src/fnd_controller.o
 .debug_line    0x0000112c      0x884 ./Core/Src/fonts.o
 .debug_line    0x000019b0      0xd51 ./Core/Src/freertos.o
 .debug_line    0x00002701      0x738 ./Core/Src/gpio.o
 .debug_line    0x00002e39      0x780 ./Core/Src/i2c.o
 .debug_line    0x000035b9      0xb09 ./Core/Src/main.o
 .debug_line    0x000040c2     0x104b ./Core/Src/ssd1306.o
 .debug_line    0x0000510d      0x71d ./Core/Src/stm32f1xx_hal_msp.o
 .debug_line    0x0000582a      0x797 ./Core/Src/stm32f1xx_hal_timebase_tim.o
 .debug_line    0x00005fc1      0x7cf ./Core/Src/stm32f1xx_it.o
 .debug_line    0x00006790      0x799 ./Core/Src/system_stm32f1xx.o
 .debug_line    0x00006f29       0x78 ./Core/Startup/startup_stm32f103c8tx.o
 .debug_line    0x00006fa1      0x9c6 ./Drivers/STM32F1xx_HAL_Driver/Src/stm32f1xx_hal.o
 .debug_line    0x00007967     0x11a8 ./Drivers/STM32F1xx_HAL_Driver/Src/stm32f1xx_hal_can.o
 .debug_line    0x00008b0f      0xbb2 ./Drivers/STM32F1xx_HAL_Driver/Src/stm32f1xx_hal_cortex.o
 .debug_line    0x000096c1      0xa5f ./Drivers/STM32F1xx_HAL_Driver/Src/stm32f1xx_hal_gpio.o
 .debug_line    0x0000a120     0x3c63 ./Drivers/STM32F1xx_HAL_Driver/Src/stm32f1xx_hal_i2c.o
 .debug_line    0x0000dd83      0xdcf ./Drivers/STM32F1xx_HAL_Driver/Src/stm32f1xx_hal_rcc.o
 .debug_line    0x0000eb52     0x34eb ./Drivers/STM32F1xx_HAL_Driver/Src/stm32f1xx_hal_tim.o
 .debug_line    0x0001203d     0x1915 ./Drivers/STM32F1xx_HAL_Driver/Src/stm32f1xx_hal_tim_ex.o
 .debug_line    0x00013952     0x1270 ./Middlewares/Third_Party/FreeRTOS/Source/CMSIS_RTOS/cmsis_os.o
 .debug_line    0x00014bc2      0x7a0 ./Middlewares/Third_Party/FreeRTOS/Source/list.o
 .debug_line    0x00015362     0x19dd ./Middlewares/Third_Party/FreeRTOS/Source/tasks.o
 .debug_line    0x00016d3f      0x90b ./Middlewares/Third_Party/FreeRTOS/Source/portable/GCC/ARM_CM3/port.o
 .debug_line    0x0001764a      0x9ca ./Middlewares/Third_Party/FreeRTOS/Source/portable/MemMang/heap_4.o

.debug_str      0x00000000    0x95a25
 .debug_str     0x00000000    0x8586f ./Core/Src/can.o
                              0x85c52 (size before relaxing)
 .debug_str     0x0008586f      0x121 ./Core/Src/fnd_controller.o
                              0x856bd (size before relaxing)
 .debug_str     0x00085990     0x31e3 ./Core/Src/fonts.o
                              0x8869a (size before relaxing)
 .debug_str     0x00088b73     0x6a7e ./Core/Src/freertos.o
                              0x8f506 (size before relaxing)
 .debug_str     0x0008f5f1       0x2c ./Core/Src/gpio.o
                              0x85661 (size before relaxing)
 .debug_str     0x0008f61d      0x434 ./Core/Src/i2c.o
                              0x85b1b (size before relaxing)
 .debug_str     0x0008fa51      0x46c ./Core/Src/main.o
                              0x8f094 (size before relaxing)
 .debug_str     0x0008febd      0x4a6 ./Core/Src/ssd1306.o
                              0x89173 (size before relaxing)
 .debug_str     0x00090363       0x50 ./Core/Src/stm32f1xx_hal_msp.o
                              0x858dd (size before relaxing)
 .debug_str     0x000903b3      0x107 ./Core/Src/stm32f1xx_hal_timebase_tim.o
                              0x85e16 (size before relaxing)
 .debug_str     0x000904ba       0xc8 ./Core/Src/stm32f1xx_it.o
                              0x85d44 (size before relaxing)
 .debug_str     0x00090582       0x7e ./Core/Src/system_stm32f1xx.o
                              0x8554e (size before relaxing)
 .debug_str     0x00090600       0x44 ./Core/Startup/startup_stm32f103c8tx.o
                                 0x87 (size before relaxing)
 .debug_str     0x00090644      0x340 ./Drivers/STM32F1xx_HAL_Driver/Src/stm32f1xx_hal.o
                              0x85c81 (size before relaxing)
 .debug_str     0x00090984      0x3e8 ./Drivers/STM32F1xx_HAL_Driver/Src/stm32f1xx_hal_can.o
                              0x85d56 (size before relaxing)
 .debug_str     0x00090d6c      0x263 ./Drivers/STM32F1xx_HAL_Driver/Src/stm32f1xx_hal_cortex.o
                              0x85bcd (size before relaxing)
 .debug_str     0x00090fcf      0x2e6 ./Drivers/STM32F1xx_HAL_Driver/Src/stm32f1xx_hal_gpio.o
                              0x858d4 (size before relaxing)
 .debug_str     0x000912b5      0xb97 ./Drivers/STM32F1xx_HAL_Driver/Src/stm32f1xx_hal_i2c.o
                              0x86615 (size before relaxing)
 .debug_str     0x00091e4c      0x1e8 ./Drivers/STM32F1xx_HAL_Driver/Src/stm32f1xx_hal_rcc.o
                              0x8597d (size before relaxing)
 .debug_str     0x00092034      0xe51 ./Drivers/STM32F1xx_HAL_Driver/Src/stm32f1xx_hal_tim.o
                              0x8697f (size before relaxing)
 .debug_str     0x00092e85      0x503 ./Drivers/STM32F1xx_HAL_Driver/Src/stm32f1xx_hal_tim_ex.o
                              0x8618b (size before relaxing)
 .debug_str     0x00093388      0xa92 ./Middlewares/Third_Party/FreeRTOS/Source/CMSIS_RTOS/cmsis_os.o
                               0xe8e9 (size before relaxing)
 .debug_str     0x00093e1a      0x12d ./Middlewares/Third_Party/FreeRTOS/Source/list.o
                               0xaaca (size before relaxing)
 .debug_str     0x00093f47     0x1143 ./Middlewares/Third_Party/FreeRTOS/Source/tasks.o
                               0xd184 (size before relaxing)
 .debug_str     0x0009508a      0x66e ./Middlewares/Third_Party/FreeRTOS/Source/portable/GCC/ARM_CM3/port.o
                               0xa169 (size before relaxing)
 .debug_str     0x000956f8      0x32d ./Middlewares/Third_Party/FreeRTOS/Source/portable/MemMang/heap_4.o
                               0xb40c (size before relaxing)

.comment        0x00000000       0x43
 .comment       0x00000000       0x43 ./Core/Src/can.o
                                 0x44 (size before relaxing)
 .comment       0x00000043       0x44 ./Core/Src/fnd_controller.o
 .comment       0x00000043       0x44 ./Core/Src/fonts.o
 .comment       0x00000043       0x44 ./Core/Src/freertos.o
 .comment       0x00000043       0x44 ./Core/Src/gpio.o
 .comment       0x00000043       0x44 ./Core/Src/i2c.o
 .comment       0x00000043       0x44 ./Core/Src/main.o
 .comment       0x00000043       0x44 ./Core/Src/ssd1306.o
 .comment       0x00000043       0x44 ./Core/Src/stm32f1xx_hal_msp.o
 .comment       0x00000043       0x44 ./Core/Src/stm32f1xx_hal_timebase_tim.o
 .comment       0x00000043       0x44 ./Core/Src/stm32f1xx_it.o
 .comment       0x00000043       0x44 ./Core/Src/system_stm32f1xx.o
 .comment       0x00000043       0x44 ./Drivers/STM32F1xx_HAL_Driver/Src/stm32f1xx_hal.o
 .comment       0x00000043       0x44 ./Drivers/STM32F1xx_HAL_Driver/Src/stm32f1xx_hal_can.o
 .comment       0x00000043       0x44 ./Drivers/STM32F1xx_HAL_Driver/Src/stm32f1xx_hal_cortex.o
 .comment       0x00000043       0x44 ./Drivers/STM32F1xx_HAL_Driver/Src/stm32f1xx_hal_gpio.o
 .comment       0x00000043       0x44 ./Drivers/STM32F1xx_HAL_Driver/Src/stm32f1xx_hal_i2c.o
 .comment       0x00000043       0x44 ./Drivers/STM32F1xx_HAL_Driver/Src/stm32f1xx_hal_rcc.o
 .comment       0x00000043       0x44 ./Drivers/STM32F1xx_HAL_Driver/Src/stm32f1xx_hal_tim.o
 .comment       0x00000043       0x44 ./Drivers/STM32F1xx_HAL_Driver/Src/stm32f1xx_hal_tim_ex.o
 .comment       0x00000043       0x44 ./Middlewares/Third_Party/FreeRTOS/Source/CMSIS_RTOS/cmsis_os.o
 .comment       0x00000043       0x44 ./Middlewares/Third_Party/FreeRTOS/Source/list.o
 .comment       0x00000043       0x44 ./Middlewares/Third_Party/FreeRTOS/Source/tasks.o
 .comment       0x00000043       0x44 ./Middlewares/Third_Party/FreeRTOS/Source/portable/GCC/ARM_CM3/port.o
 .comment       0x00000043       0x44 ./Middlewares/Third_Party/FreeRTOS/Source/portable/MemMang/heap_4.o

.debug_frame    0x00000000     0x557c
 .debug_frame   0x00000000       0x74 ./Core/Src/can.o
 .debug_frame   0x00000074      0x1bc ./Core/Src/fnd_controller.o
 .debug_frame   0x00000230       0x38 ./Core/Src/fonts.o
 .debug_frame   0x00000268       0xc4 ./Core/Src/freertos.o
 .debug_frame   0x0000032c       0x34 ./Core/Src/gpio.o
 .debug_frame   0x00000360       0x74 ./Core/Src/i2c.o
 .debug_frame   0x000003d4       0x8c ./Core/Src/main.o
 .debug_frame   0x00000460      0x414 ./Core/Src/ssd1306.o
 .debug_frame   0x00000874       0x34 ./Core/Src/stm32f1xx_hal_msp.o
 .debug_frame   0x000008a8       0x74 ./Core/Src/stm32f1xx_hal_timebase_tim.o
 .debug_frame   0x0000091c       0xe0 ./Core/Src/stm32f1xx_it.o
 .debug_frame   0x000009fc       0x58 ./Core/Src/system_stm32f1xx.o
 .debug_frame   0x00000a54      0x334 ./Drivers/STM32F1xx_HAL_Driver/Src/stm32f1xx_hal.o
 .debug_frame   0x00000d88      0x5a0 ./Drivers/STM32F1xx_HAL_Driver/Src/stm32f1xx_hal_can.o
 .debug_frame   0x00001328      0x428 ./Drivers/STM32F1xx_HAL_Driver/Src/stm32f1xx_hal_cortex.o
 .debug_frame   0x00001750      0x14c ./Drivers/STM32F1xx_HAL_Driver/Src/stm32f1xx_hal_gpio.o
 .debug_frame   0x0000189c      0xc84 ./Drivers/STM32F1xx_HAL_Driver/Src/stm32f1xx_hal_i2c.o
 .debug_frame   0x00002520      0x218 ./Drivers/STM32F1xx_HAL_Driver/Src/stm32f1xx_hal_rcc.o
 .debug_frame   0x00002738     0x11b8 ./Drivers/STM32F1xx_HAL_Driver/Src/stm32f1xx_hal_tim.o
 .debug_frame   0x000038f0      0x638 ./Drivers/STM32F1xx_HAL_Driver/Src/stm32f1xx_hal_tim_ex.o
 .debug_frame   0x00003f28      0x80c ./Middlewares/Third_Party/FreeRTOS/Source/CMSIS_RTOS/cmsis_os.o
 .debug_frame   0x00004734       0xd8 ./Middlewares/Third_Party/FreeRTOS/Source/list.o
 .debug_frame   0x0000480c      0x77c ./Middlewares/Third_Party/FreeRTOS/Source/tasks.o
 .debug_frame   0x00004f88      0x198 ./Middlewares/Third_Party/FreeRTOS/Source/portable/GCC/ARM_CM3/port.o
 .debug_frame   0x00005120      0x12c ./Middlewares/Third_Party/FreeRTOS/Source/portable/MemMang/heap_4.o
 .debug_frame   0x0000524c      0x144 C:/ST/STM32CubeIDE_1.16.1/STM32CubeIDE/plugins/com.st.stm32cube.ide.mcu.externaltools.gnu-tools-for-stm32.12.3.rel1.win32_1.0.200.202406191623/tools/bin/../lib/gcc/arm-none-eabi/12.3.1/../../../../arm-none-eabi/lib/thumb/v7-m/nofp\libc_nano.a(libc_a-findfp.o)
 .debug_frame   0x00005390       0x20 C:/ST/STM32CubeIDE_1.16.1/STM32CubeIDE/plugins/com.st.stm32cube.ide.mcu.externaltools.gnu-tools-for-stm32.12.3.rel1.win32_1.0.200.202406191623/tools/bin/../lib/gcc/arm-none-eabi/12.3.1/../../../../arm-none-eabi/lib/thumb/v7-m/nofp\libc_nano.a(libc_a-memset.o)
 .debug_frame   0x000053b0       0x38 C:/ST/STM32CubeIDE_1.16.1/STM32CubeIDE/plugins/com.st.stm32cube.ide.mcu.externaltools.gnu-tools-for-stm32.12.3.rel1.win32_1.0.200.202406191623/tools/bin/../lib/gcc/arm-none-eabi/12.3.1/../../../../arm-none-eabi/lib/thumb/v7-m/nofp\libc_nano.a(libc_a-reent.o)
 .debug_frame   0x000053e8       0x2c C:/ST/STM32CubeIDE_1.16.1/STM32CubeIDE/plugins/com.st.stm32cube.ide.mcu.externaltools.gnu-tools-for-stm32.12.3.rel1.win32_1.0.200.202406191623/tools/bin/../lib/gcc/arm-none-eabi/12.3.1/../../../../arm-none-eabi/lib/thumb/v7-m/nofp\libc_nano.a(libc_a-init.o)
 .debug_frame   0x00005414       0xb0 C:/ST/STM32CubeIDE_1.16.1/STM32CubeIDE/plugins/com.st.stm32cube.ide.mcu.externaltools.gnu-tools-for-stm32.12.3.rel1.win32_1.0.200.202406191623/tools/bin/../lib/gcc/arm-none-eabi/12.3.1/../../../../arm-none-eabi/lib/thumb/v7-m/nofp\libc_nano.a(libc_a-lock.o)
 .debug_frame   0x000054c4       0x38 C:/ST/STM32CubeIDE_1.16.1/STM32CubeIDE/plugins/com.st.stm32cube.ide.mcu.externaltools.gnu-tools-for-stm32.12.3.rel1.win32_1.0.200.202406191623/tools/bin/../lib/gcc/arm-none-eabi/12.3.1/../../../../arm-none-eabi/lib/thumb/v7-m/nofp\libc_nano.a(libc_a-freer.o)
 .debug_frame   0x000054fc       0x50 C:/ST/STM32CubeIDE_1.16.1/STM32CubeIDE/plugins/com.st.stm32cube.ide.mcu.externaltools.gnu-tools-for-stm32.12.3.rel1.win32_1.0.200.202406191623/tools/bin/../lib/gcc/arm-none-eabi/12.3.1/../../../../arm-none-eabi/lib/thumb/v7-m/nofp\libc_nano.a(libc_a-mallocr.o)
 .debug_frame   0x0000554c       0x30 C:/ST/STM32CubeIDE_1.16.1/STM32CubeIDE/plugins/com.st.stm32cube.ide.mcu.externaltools.gnu-tools-for-stm32.12.3.rel1.win32_1.0.200.202406191623/tools/bin/../lib/gcc/arm-none-eabi/12.3.1/../../../../arm-none-eabi/lib/thumb/v7-m/nofp\libc_nano.a(libc_a-mlock.o)

.debug_line_str
                0x00000000       0x6b
 .debug_line_str
                0x00000000       0x6b ./Core/Startup/startup_stm32f103c8tx.o
